Archive member included to satisfy reference by file (symbol)

./libs\libpluto_0.3.a(startup_stm32f30x_md_gcc.o)
                              (Reset_Handler)
./libs\libpluto_0.3.a(system_stm32f30x.o)
                              ./libs\libpluto_0.3.a(startup_stm32f30x_md_gcc.o) (SystemInit)
./libs\libpluto_0.3.a(main.o)
                              ./libs\libpluto_0.3.a(startup_stm32f30x_md_gcc.o) (main)
./libs\libpluto_0.3.a(mw.o)   main.o (symbol from plugin) (loop)
./libs\libpluto_0.3.a(altitudehold.o)
                              mw.o (symbol from plugin) (applyAltHold)
./libs\libpluto_0.3.a(failsafe.o)
                              main.o (symbol from plugin) (failsafeInit)
./libs\libpluto_0.3.a(pid.o)  mw.o (symbol from plugin) (pidResetErrorAngle)
./libs\libpluto_0.3.a(imu.o)  main.o (symbol from plugin) (imuInit)
./libs\libpluto_0.3.a(mixer.o)
                              main.o (symbol from plugin) (mixerInit)
./libs\libpluto_0.3.a(filter.o)
                              mw.o (symbol from plugin) (filterApplyPt1)
./libs\libpluto_0.3.a(system.o)
                              main.o (symbol from plugin) (micros)
./libs\libpluto_0.3.a(beeper.o)
                              mw.o (symbol from plugin) (beeperSilence)
./libs\libpluto_0.3.a(rc_controls.o)
                              mw.o (symbol from plugin) (isUsingSticksForArming)
./libs\libpluto_0.3.a(rc_curves.o)
                              rc_controls.o (symbol from plugin) (generatePitchRollCurve)
./libs\libpluto_0.3.a(serial.o)
                              mw.o (symbol from plugin) (findNextSharedSerialPort)
./libs\libpluto_0.3.a(serial_cli.o)
                              mw.o (symbol from plugin) (cliMode)
./libs\libpluto_0.3.a(serial_msp.o)
                              mw.o (symbol from plugin) (mspReleasePortIfAllocated)
./libs\libpluto_0.3.a(statusindicator.o)
                              beeper.o (symbol from plugin) (warningLedEnable)
./libs\libpluto_0.3.a(rx.o)   main.o (symbol from plugin) (rxInit)
./libs\libpluto_0.3.a(pwm.o)  rx.o (symbol from plugin) (rxPwmInit)
./libs\libpluto_0.3.a(msp.o)  serial_msp.o (symbol from plugin) (rxMspFrameReceive)
./libs\libpluto_0.3.a(sbus.o)
                              rx.o (symbol from plugin) (sbusInit)
./libs\libpluto_0.3.a(sumd.o)
                              rx.o (symbol from plugin) (sumdInit)
./libs\libpluto_0.3.a(sumh.o)
                              rx.o (symbol from plugin) (sumhInit)
./libs\libpluto_0.3.a(spektrum.o)
                              rx.o (symbol from plugin) (spektrumInit)
./libs\libpluto_0.3.a(xbus.o)
                              rx.o (symbol from plugin) (xBusInit)
./libs\libpluto_0.3.a(acceleration.o)
                              main.o (symbol from plugin) (accSetCalibrationCycles)
./libs\libpluto_0.3.a(battery.o)
                              mw.o (symbol from plugin) (updateBattery)
./libs\libpluto_0.3.a(boardalignment.o)
                              main.o (symbol from plugin) (initBoardAlignment)
./libs\libpluto_0.3.a(compass.o)
                              main.o (symbol from plugin) (compassInit)
./libs\libpluto_0.3.a(gyro.o)
                              main.o (symbol from plugin) (gyroSetCalibrationCycles)
./libs\libpluto_0.3.a(initialisation.o)
                              main.o (symbol from plugin) (sensorsAutodetectmpu)
./libs\libpluto_0.3.a(stm32f30x_rcc.o)
                              system.o (symbol from plugin) (RCC_GetClocksFreq)
./libs\libpluto_0.3.a(stm32f30x_misc.o)
                              system.o (symbol from plugin) (NVIC_PriorityGroupConfig)
./libs\libpluto_0.3.a(acrobats.o)
                              mw.o (symbol from plugin) (flip)
./libs\libpluto_0.3.a(posControl.o)
                              mw.o (symbol from plugin) (resetPosController)
./libs\libpluto_0.3.a(posEstimate.o)
                              main.o (symbol from plugin) (updatePosGains)
./libs\libpluto_0.3.a(opticflow.o)
                              posControl.o (symbol from plugin) (accel_hf_prev)
./libs\libpluto_0.3.a(command.o)
                              mw.o (symbol from plugin) (executeCommand())
./libs\libpluto_0.3.a(localisationCommand.o)
                              mw.o (symbol from plugin) (command_jump(short))
./libs\libpluto_0.3.a(Peripheral.o)
                              main.o (symbol from plugin) (GPIO_P::init(unibus, GPIO_Mode_e))
./libs\libpluto_0.3.a(XRanging.o)
                              main.o (symbol from plugin) (xRangingInit)
./libs\libpluto_0.3.a(Control.o)
                              command.o (symbol from plugin) (DesiredPosition_P::setRelative(axis_e, long))
./libs\libpluto_0.3.a(Utils.o)
                              acceleration.o (symbol from plugin) (LED_P::set(led_e, led_state_e))
./libs\libpluto_0.3.a(User.o)
                              mw.o (symbol from plugin) (FlightMode_P::set(flight_mode_e))
./libs\libpluto_0.3.a(API-Utils.o)
                              main.o (symbol from plugin) (resetUser)
[...]
Memory Configuration

Name             Origin             Length             Attributes
FLASH            0x08000000         0x0003f000         xr
RAM              0x20000000         0x0000a000         xrw
MEMORY_B1        0x60000000         0x00000000         xr
*default*        0x00000000         0xffffffff

Linker script and memory map

LOAD obj/PLUTOX/src/main/PlutoPilot.o
LOAD C:\Users\daves\AppData\Local\Temp\ccpfkAZx.ltrans0.ltrans.o
LOAD C:\Users\daves\AppData\Local\Temp\ccpfkAZx.ltrans1.ltrans.o
LOAD C:\Users\daves\AppData\Local\Temp\ccpfkAZx.ltrans2.ltrans.o
LOAD C:\Users\daves\AppData\Local\Temp\ccpfkAZx.ltrans3.ltrans.o
LOAD C:\Users\daves\AppData\Local\Temp\ccpfkAZx.ltrans4.ltrans.o
LOAD C:\Users\daves\AppData\Local\Temp\ccpfkAZx.ltrans5.ltrans.o
LOAD C:\Users\daves\AppData\Local\Temp\ccpfkAZx.ltrans6.ltrans.o
LOAD C:\Users\daves\AppData\Local\Temp\ccpfkAZx.ltrans7.ltrans.o
LOAD C:\Users\daves\AppData\Local\Temp\ccpfkAZx.ltrans8.ltrans.o
LOAD C:\Users\daves\AppData\Local\Temp\ccpfkAZx.ltrans9.ltrans.o
LOAD C:\Users\daves\AppData\Local\Temp\ccpfkAZx.ltrans10.ltrans.o
LOAD C:\Users\daves\AppData\Local\Temp\ccpfkAZx.ltrans11.ltrans.o
LOAD C:\Users\daves\AppData\Local\Temp\ccpfkAZx.ltrans12.ltrans.o
LOAD C:\Users\daves\AppData\Local\Temp\ccpfkAZx.ltrans13.ltrans.o
LOAD C:\Users\daves\AppData\Local\Temp\ccpfkAZx.ltrans14.ltrans.o
LOAD C:\Users\daves\AppData\Local\Temp\ccpfkAZx.ltrans15.ltrans.o
LOAD C:\Users\daves\AppData\Local\Temp\ccpfkAZx.ltrans16.ltrans.o
LOAD C:\Users\daves\AppData\Local\Temp\ccpfkAZx.ltrans17.ltrans.o
LOAD C:\Users\daves\AppData\Local\Temp\ccpfkAZx.ltrans18.ltrans.o
LOAD C:\Users\daves\AppData\Local\Temp\ccpfkAZx.ltrans19.ltrans.o
LOAD c:/users/daves/downloads/cygnus-deneb-2-2-0-win/cygnus-deneb-2-2-0-win/cygnus/tools/toolchain/gcc-arm/bin/../lib/gcc/arm-none-eabi/6.3.1/../../../../arm-none-eabi/lib/thumb/v7e-m/fpv4-sp/hard\libnosys.a
LOAD ./libs\libpluto_0.3.a
LOAD c:/users/daves/downloads/cygnus-deneb-2-2-0-win/cygnus-deneb-2-2-0-win/cygnus/tools/toolchain/gcc-arm/bin/../lib/gcc/arm-none-eabi/6.3.1/../../../../arm-none-eabi/lib/thumb/v7e-m/fpv4-sp/hard\libstdc++.a
LOAD c:/users/daves/downloads/cygnus-deneb-2-2-0-win/cygnus-deneb-2-2-0-win/cygnus/tools/toolchain/gcc-arm/bin/../lib/gcc/arm-none-eabi/6.3.1/../../../../arm-none-eabi/lib/thumb/v7e-m/fpv4-sp/hard\libm.a
LOAD c:/users/daves/downloads/cygnus-deneb-2-2-0-win/cygnus-deneb-2-2-0-win/cygnus/tools/toolchain/gcc-arm/bin/../lib/gcc/arm-none-eabi/6.3.1/../../../../arm-none-eabi/lib/thumb/v7e-m/fpv4-sp/hard\libc.a
START GROUP
LOAD c:/users/daves/downloads/cygnus-deneb-2-2-0-win/cygnus-deneb-2-2-0-win/cygnus/tools/toolchain/gcc-arm/bin/../lib/gcc/arm-none-eabi/6.3.1/thumb/v7e-m/fpv4-sp/hard\libgcc.a
LOAD c:/users/daves/downloads/cygnus-deneb-2-2-0-win/cygnus-deneb-2-2-0-win/cygnus/tools/toolchain/gcc-arm/bin/../lib/gcc/arm-none-eabi/6.3.1/../../../../arm-none-eabi/lib/thumb/v7e-m/fpv4-sp/hard\libg.a
LOAD c:/users/daves/downloads/cygnus-deneb-2-2-0-win/cygnus-deneb-2-2-0-win/cygnus/tools/toolchain/gcc-arm/bin/../lib/gcc/arm-none-eabi/6.3.1/../../../../arm-none-eabi/lib/thumb/v7e-m/fpv4-sp/hard\libc.a
END GROUP
START GROUP
LOAD c:/users/daves/downloads/cygnus-deneb-2-2-0-win/cygnus-deneb-2-2-0-win/cygnus/tools/toolchain/gcc-arm/bin/../lib/gcc/arm-none-eabi/6.3.1/thumb/v7e-m/fpv4-sp/hard\libgcc.a
LOAD c:/users/daves/downloads/cygnus-deneb-2-2-0-win/cygnus-deneb-2-2-0-win/cygnus/tools/toolchain/gcc-arm/bin/../lib/gcc/arm-none-eabi/6.3.1/../../../../arm-none-eabi/lib/thumb/v7e-m/fpv4-sp/hard\libc.a
LOAD c:/users/daves/downloads/cygnus-deneb-2-2-0-win/cygnus-deneb-2-2-0-win/cygnus/tools/toolchain/gcc-arm/bin/../lib/gcc/arm-none-eabi/6.3.1/../../../../arm-none-eabi/lib/thumb/v7e-m/fpv4-sp/hard\libnosys.a
END GROUP
                0x2000a000                _estack = (ORIGIN (RAM) + LENGTH (RAM))
                0x00000000                _Min_Heap_Size = 0x0
                0x00000400                _Min_Stack_Size = 0x400

.isr_vector     0x08000000      0x188
                0x08000000                . = ALIGN (0x4)
                [!provide]                PROVIDE (isr_vector_table_base, .)
 *(.isr_vector)
 .isr_vector    0x08000000      0x188 ./libs\libpluto_0.3.a(startup_stm32f30x_md_gcc.o)
                0x08000000                g_pfnVectors
                0x08000188                . = ALIGN (0x4)

.text           0x080001c0    0x12184
                0x080001c0                . = ALIGN (0x4)
 *(.text)
 .text          0x080001c0     0x1718 C:\Users\daves\AppData\Local\Temp\ccpfkAZx.ltrans0.ltrans.o
                0x080001c0                init()
 .text          0x080018d8     0x1090 C:\Users\daves\AppData\Local\Temp\ccpfkAZx.ltrans3.ltrans.o
                0x080018d8                processRx()
 .text          0x08002968      0xbd0 C:\Users\daves\AppData\Local\Temp\ccpfkAZx.ltrans4.ltrans.o
                0x08002968                headSerialResponse(unsigned char, unsigned char) [clone .lto_priv.166]
                0x080029a8                headSerialReply(unsigned char) [clone .lto_priv.187]
                0x080029ae                read32() [clone .lto_priv.190]
                0x080029c0                processOutCommand(unsigned char) [clone .lto_priv.272]
 .text          0x08003538      0x8a8 C:\Users\daves\AppData\Local\Temp\ccpfkAZx.ltrans5.ltrans.o
                0x08003588                NVIC_Init.part.0.constprop.156
                0x080035c4                VL53L0X_calc_timeout_mclks.constprop.146
                0x080035ec                get_next_good_spad.constprop.137
                0x08003638                enable_ref_spads.constprop.135
                0x080036f4                SPIClass::Write(unsigned char, unsigned char) [clone .constprop.102]
                0x08003730                SPIClass::Read(unsigned char, int) [clone .constprop.100]
                0x080037c0                spektrumInit.constprop.90
                0x08003840                useRcControlsConfig.constprop.48
                0x08003880                resetSerialConfig(serialConfig_s*) [clone .constprop.47]
                0x080038e0                FLASH_WaitForLastOperation.constprop.42
                0x08003904                headSerialError(unsigned char) [clone .constprop.30]
                0x0800390c                calculateThrottleStatus.constprop.23
                0x08003940                reset(bool) [clone .constprop.10]
                0x080039a4                updateCompass.constprop.6
                0x08003b44                VL53L0X_RdDWord
                0x08003b68                VL53L0X_RdWord
                0x08003b94                VL53L0X_RdByte
                0x08003bae                VL53L0X_UpdateByte
                0x08003bea                VL53L0X_WrWord
                0x08003c12                VL53L0X_WrByte
                0x08003c28                VL53L0X_ref_calibration_io.constprop.149
                0x08003cc6                VL53L0X_ClearInterruptMask.constprop.148
                0x08003d1e                VL53L0X_set_measurement_timing_budget_micro_seconds
 .text          0x08003de0      0x988 C:\Users\daves\AppData\Local\Temp\ccpfkAZx.ltrans6.ltrans.o
                0x08003e4a                perform_ref_signal_measurement
                0x08004548                set_ref_spad_map
                0x08004564                VL53L0X_GetSequenceStepEnables
                0x0800459c                VL53L0X_GetDeviceParameters
                0x08004750                LaserSensor::setAddress(unsigned char)
 .text          0x08004768      0xc9c C:\Users\daves\AppData\Local\Temp\ccpfkAZx.ltrans7.ltrans.o
                0x08004780                read8() [clone .lto_priv.188]
                0x08004794                read16() [clone .lto_priv.189]
                0x080047a8                serialize8(unsigned char) [clone .lto_priv.197]
                0x080047cc                serialize16(unsigned short) [clone .lto_priv.198]
                0x080047de                serialize32(unsigned long) [clone .lto_priv.199]
                0x080047f0                openSerialPort
                0x08004868                findNextSerialPortConfig
                0x080048ac                findSerialPortConfig
                0x080048b8                generateThrottleCurve
                0x08004938                generatePitchRollCurve
                0x08004970                isRangeActive(unsigned char, channelRange_s*) [clone .part.1]
                0x080049b8                beeperSilence
                0x080049cc                beeper
                0x08004a18                beeperConfirmationBeeps
                0x08004a50                micros
                0x08004a88                delayMicroseconds
                0x08004a9e                delay
                0x08004ab2                failureMode
                0x08004b70                SysTick_Handler
                0x08004b80                EXTI3_IRQHandler
                0x08004b84                EXTI15_10_IRQHandler
                0x08004b88                filterApplyPt1
                0x08004be0                writeMotors
                0x08004c8c                drift_correction(float)
                0x08005340                normalize()
 .text          0x08005404      0xd8c C:\Users\daves\AppData\Local\Temp\ccpfkAZx.ltrans8.ltrans.o
                0x08005404                xBusReadRawRC(rxRuntimeConfig_s*, unsigned char) [clone .lto_priv.295]
                0x080054ac                spektrumReadRawRC.lto_priv.163
                0x080054d8                sumhReadRawRC.lto_priv.288
                0x080054f0                sumdReadRawRC.lto_priv.286
                0x08005504                sbusReadRawRC.lto_priv.284
                0x08005538                rxMspReadRawRC.lto_priv.297
                0x08005548                ppmReadRawRC.lto_priv.299
                0x08005554                pwmReadRawRC.lto_priv.298
                0x08005560                nullReadRawRC(rxRuntimeConfig_s*, unsigned char) [clone .lto_priv.165]
                0x08005564                xBusDataReceive(unsigned short) [clone .lto_priv.296]
                0x0800562c                spektrumDataReceive.lto_priv.164
                0x08005674                sumhDataReceive.lto_priv.289
                0x080056bc                sumdDataReceive.lto_priv.287
                0x08005760                sbusDataReceive.lto_priv.285
                0x080057ac                batteryAdcToVoltage
                0x080057dc                updateBatteryVoltage() [clone .lto_priv.273]
                0x080059e0                getRxfailValue(unsigned char) [clone .lto_priv.226]
                0x08005a30                resumeRxSignal
                0x08005a60                suspendRxSignal
                0x08005a90                processInCommand() [clone .lto_priv.271]
 .text          0x08006190      0xdf8 C:\Users\daves\AppData\Local\Temp\ccpfkAZx.ltrans9.ltrans.o
                0x08006190                pidMultiWii23(pidProfile_s*, controlRateConfig_s*, unsigned short, rollAndPitchTrims_t*, rxConfig_s*) [clone .lto_priv.208]
                0x08006454                pidMultiWii(pidProfile_s*, controlRateConfig_s*, unsigned short, rollAndPitchTrims_t*, rxConfig_s*) [clone .lto_priv.206]
                0x080066e0                pidLuxFloat(pidProfile_s*, controlRateConfig_s*, unsigned short, rollAndPitchTrims_t*, rxConfig_s*) [clone .lto_priv.207]
                0x08006a30                pidResetErrorGyro
                0x08006a50                pidResetErrorAngle
                0x08006a6c                failsafeOnLowBattery
                0x08006a80                updateGains
                0x08006ad0                apmCalculateEstimatedAltitude
 .text          0x08006f88      0xfd0 C:\Users\daves\AppData\Local\Temp\ccpfkAZx.ltrans10.ltrans.o
                0x08007aec                renorm(float const*, float*)
                0x08007ba0                dcmFromEuler(float, float, float)
                0x08007c64                imuCalculateAcceleration(unsigned long)
                0x08007f10                pidSetController
 .text          0x08007f58      0x7ac C:\Users\daves\AppData\Local\Temp\ccpfkAZx.ltrans11.ltrans.o
                0x08007f58                ppmEdgeCallback(timerCCHandlerRec_s*, unsigned short) [clone .lto_priv.277]
                0x08008030                ppmOverflowCallback(timerOvrHandlerRec_s*, unsigned short) [clone .lto_priv.278]
                0x08008040                pwmWriteStandard(unsigned char, unsigned short) [clone .lto_priv.275]
                0x08008054                pwmWriteBrushed(unsigned char, unsigned short) [clone .lto_priv.276]
                0x08008078                ak8963Read
                0x0800813c                ak8963Init
                0x08008228                uartReconfigure.lto_priv.181
                0x0800834c                gpioInit
                0x080083a0                pwmOutConfig
                0x080085cc                initSpi2
 .text          0x08008704      0xb14 C:\Users\daves\AppData\Local\Temp\ccpfkAZx.ltrans12.ltrans.o
                0x08008704                PosXYEstimate
                0x080089d0                flip.part.0
                0x08008dd0                RCC_ADCCLKConfig
                0x08008df0                RCC_GetClocksFreq
                0x080090e0                alignSensors
 .text          0x08009218      0x6b4 C:\Users\daves\AppData\Local\Temp\ccpfkAZx.ltrans13.ltrans.o
                0x08009390                timCCxHandler(TIM_TypeDef*, timerConfig_s*) [clone .lto_priv.180]
                0x08009416                TIM1_CC_IRQHandler
                0x08009424                configTimeBase
                0x080094c0                lookupTimerIndex(TIM_TypeDef const*) [clone .lto_priv.203]
                0x08009518                USART2_IRQHandler
                0x08009520                USART1_IRQHandler
                0x08009528                DMA1_Channel4_IRQHandler
                0x08009564                uartOpen
 .text          0x080098cc      0x6e0 C:\Users\daves\AppData\Local\Temp\ccpfkAZx.ltrans14.ltrans.o
                0x080098f4                mpuGyroRead
                0x08009938                mpuAccRead
                0x080099c0                mpu6500GyroInit
                0x08009a68                mpu6500AccInit
                0x08009a7c                i2cRead
                0x08009b70                mpuReadRegisterI2C(unsigned char, unsigned char, unsigned char*) [clone .lto_priv.312]
                0x08009b86                i2cWriteBuffer
                0x08009c74                i2cWrite
                0x08009c88                mpuWriteRegisterI2C(unsigned char, unsigned char) [clone .lto_priv.313]
                0x08009c90                mode_0_init()
 .text          0x08009fac      0xb80 C:\Users\daves\AppData\Local\Temp\ccpfkAZx.ltrans15.ltrans.o
                0x08009fac                ms5611_calculate(long*, long*, unsigned long, unsigned long) [clone .lto_priv.310]
                0x0800a14c                ms5611_start_up() [clone .lto_priv.308]
                0x0800a156                ms5611_start_ut() [clone .lto_priv.306]
                0x0800a188                ms5611_get_up() [clone .lto_priv.309]
                0x0800a18a                ms5611_get_ut() [clone .lto_priv.307]
                0x0800a18c                activateControlRateConfig()
                0x0800a1d4                isEEPROMContentValid() [clone .lto_priv.167]
                0x0800a220                readEEPROM
                0x0800a4a0                resetConf() [clone .lto_priv.191]
                0x0800a974                apmBaroCalibrationRead()
                0x0800a9cc                apmBaroUpdate
                0x0800aac4                TIM1_TRG_COM_TIM17_IRQHandler
                0x0800aad4                TIM1_BRK_TIM15_IRQHandler
                0x0800aae4                TIM8_CC_IRQHandler
                0x0800aaf4                TIM8_UP_IRQHandler
                0x0800aaf8                TIM4_IRQHandler
                0x0800ab08                TIM3_IRQHandler
                0x0800ab18                TIM2_IRQHandler
                0x0800ab28                TIM1_UP_TIM16_IRQHandler
 .text          0x0800ab2c      0x6b4 C:\Users\daves\AppData\Local\Temp\ccpfkAZx.ltrans16.ltrans.o
                0x0800ab4a                VL53L0X_get_vcsel_pulse_period
                0x0800ab7c                set_sequence_step_timeout
                0x0800ac86                get_sequence_step_timeout
                0x0800adcc                VL53L0X_device_read_strobe
                0x0800ae10                VL53L0X_isqrt
                0x0800ae3a                VL53L0X_measurement_poll_for_completion
                0x0800ae9e                VL53L0X_perform_single_ref_calibration
                0x0800aece                VL53L0X_perform_ref_calibration
                0x0800af5e                VL53L0X_perform_ref_spad_management
 .text          0x0800b1e0      0x630 C:\Users\daves\AppData\Local\Temp\ccpfkAZx.ltrans17.ltrans.o
                0x0800b1e0                DMA_StructInit
                0x0800b1fa                DMA_Init
                0x0800b236                DMA_DeInit
                0x0800b328                FLASH_GetStatus
                0x0800b350                ADC_RegularChannelConfig
                0x0800b408                GPIO_Init
                0x0800b496                serialRead
                0x0800b49c                serialWrite
                0x0800b4a2                _putc(void*, char) [clone .lto_priv.319]
                0x0800b4a6                applyDeadband
                0x0800b4c4                sin_approx
                0x0800b588                buildRotationMatrix
                0x0800b644                reset_FSI
                0x0800b65c                set_FSI
                0x0800b670                disableFlightMode
                0x0800b690                enableFlightMode
                0x0800b6ac                featureClear
                0x0800b6bc                featureSet
                0x0800b6cc                writeEEPROM
                0x0800b7fc                saveConfigAndNotify
 .text          0x0800b810      0x158 C:\Users\daves\AppData\Local\Temp\ccpfkAZx.ltrans18.ltrans.o
                0x0800b810                mwArm
                0x0800b8a8                mwDisarm
                0x0800b924                isCalibrating()
 .text          0x0800b968       0x68 C:\Users\daves\AppData\Local\Temp\ccpfkAZx.ltrans19.ltrans.o
                0x0800b968                SystemInit
 .text          0x0800b9d0      0x134 c:/users/daves/downloads/cygnus-deneb-2-2-0-win/cygnus-deneb-2-2-0-win/cygnus/tools/toolchain/gcc-arm/bin/../lib/gcc/arm-none-eabi/6.3.1/../../../../arm-none-eabi/lib/thumb/v7e-m/fpv4-sp/hard\libc.a(lib_a-memcpy.o)
                0x0800b9d0                memcpy
 *fill*         0x0800bb04       0x3c 
 .text          0x0800bb40       0xdc c:/users/daves/downloads/cygnus-deneb-2-2-0-win/cygnus-deneb-2-2-0-win/cygnus/tools/toolchain/gcc-arm/bin/../lib/gcc/arm-none-eabi/6.3.1/../../../../arm-none-eabi/lib/thumb/v7e-m/fpv4-sp/hard\libc.a(lib_a-strlen.o)
                0x0800bb40                strlen
 .text          0x0800bc1c       0x1c c:/users/daves/downloads/cygnus-deneb-2-2-0-win/cygnus-deneb-2-2-0-win/cygnus/tools/toolchain/gcc-arm/bin/../lib/gcc/arm-none-eabi/6.3.1/thumb/v7e-m/fpv4-sp/hard\libgcc.a(_ashrdi3.o)
                0x0800bc1c                __aeabi_lasr
                0x0800bc1c                __ashrdi3
 .text          0x0800bc38      0x370 c:/users/daves/downloads/cygnus-deneb-2-2-0-win/cygnus-deneb-2-2-0-win/cygnus/tools/toolchain/gcc-arm/bin/../lib/gcc/arm-none-eabi/6.3.1/thumb/v7e-m/fpv4-sp/hard\libgcc.a(_arm_addsubdf3.o)
                0x0800bc38                __aeabi_drsub
                0x0800bc40                __aeabi_dsub
                0x0800bc40                __subdf3
                0x0800bc44                __aeabi_dadd
                0x0800bc44                __adddf3
                0x0800bebc                __floatunsidf
                0x0800bebc                __aeabi_ui2d
                0x0800bedc                __floatsidf
                0x0800bedc                __aeabi_i2d
                0x0800bf00                __aeabi_f2d
                0x0800bf00                __extendsfdf2
                0x0800bf3c                __floatundidf
                0x0800bf3c                __aeabi_ul2d
                0x0800bf4c                __floatdidf
                0x0800bf4c                __aeabi_l2d
 .text          0x0800bfa8      0x424 c:/users/daves/downloads/cygnus-deneb-2-2-0-win/cygnus-deneb-2-2-0-win/cygnus/tools/toolchain/gcc-arm/bin/../lib/gcc/arm-none-eabi/6.3.1/thumb/v7e-m/fpv4-sp/hard\libgcc.a(_arm_muldivdf3.o)
                0x0800bfa8                __aeabi_dmul
                0x0800bfa8                __muldf3
                0x0800c1fc                __divdf3
                0x0800c1fc                __aeabi_ddiv
 .text          0x0800c3cc       0xa0 c:/users/daves/downloads/cygnus-deneb-2-2-0-win/cygnus-deneb-2-2-0-win/cygnus/tools/toolchain/gcc-arm/bin/../lib/gcc/arm-none-eabi/6.3.1/thumb/v7e-m/fpv4-sp/hard\libgcc.a(_arm_truncdfsf2.o)
                0x0800c3cc                __truncdfsf2
                0x0800c3cc                __aeabi_d2f
 .text          0x0800c46c       0xa0 c:/users/daves/downloads/cygnus-deneb-2-2-0-win/cygnus-deneb-2-2-0-win/cygnus/tools/toolchain/gcc-arm/bin/../lib/gcc/arm-none-eabi/6.3.1/thumb/v7e-m/fpv4-sp/hard\libgcc.a(_aeabi_ldivmod.o)
                0x0800c46c                __aeabi_ldivmod
 .text          0x0800c50c       0x24 c:/users/daves/downloads/cygnus-deneb-2-2-0-win/cygnus-deneb-2-2-0-win/cygnus/tools/toolchain/gcc-arm/bin/../lib/gcc/arm-none-eabi/6.3.1/thumb/v7e-m/fpv4-sp/hard\libgcc.a(_fixsfdi.o)
                0x0800c50c                __fixsfdi
                0x0800c50c                __aeabi_f2lz
 .text          0x0800c530       0x4c c:/users/daves/downloads/cygnus-deneb-2-2-0-win/cygnus-deneb-2-2-0-win/cygnus/tools/toolchain/gcc-arm/bin/../lib/gcc/arm-none-eabi/6.3.1/thumb/v7e-m/fpv4-sp/hard\libgcc.a(_fixunssfdi.o)
                0x0800c530                __fixunssfdi
                0x0800c530                __aeabi_f2ulz
 .text          0x0800c57c      0x2dc c:/users/daves/downloads/cygnus-deneb-2-2-0-win/cygnus-deneb-2-2-0-win/cygnus/tools/toolchain/gcc-arm/bin/../lib/gcc/arm-none-eabi/6.3.1/thumb/v7e-m/fpv4-sp/hard\libgcc.a(_udivmoddi4.o)
                0x0800c57c                __udivmoddi4
 .text          0x0800c858      0x9cc c:/users/daves/downloads/cygnus-deneb-2-2-0-win/cygnus-deneb-2-2-0-win/cygnus/tools/toolchain/gcc-arm/bin/../lib/gcc/arm-none-eabi/6.3.1/thumb/v7e-m/fpv4-sp/hard\libgcc.a(unwind-arm.o)
                0x0800cb18                _Unwind_GetCFA
                0x0800cb1c                __gnu_Unwind_RaiseException
                0x0800cb7c                __gnu_Unwind_ForcedUnwind
                0x0800cb90                __gnu_Unwind_Resume
                0x0800cbd4                __gnu_Unwind_Resume_or_Rethrow
                0x0800cbe4                _Unwind_Complete
                0x0800cbe8                _Unwind_DeleteException
                0x0800cbf4                _Unwind_VRS_Get
                0x0800cc40                _Unwind_VRS_Set
                0x0800cc90                __gnu_Unwind_Backtrace
                0x0800cfd0                __aeabi_unwind_cpp_pr0
                0x0800cfd4                __aeabi_unwind_cpp_pr1
                0x0800cfd8                __aeabi_unwind_cpp_pr2
                0x0800cfdc                _Unwind_VRS_Pop
 .text          0x0800d224      0x1ac c:/users/daves/downloads/cygnus-deneb-2-2-0-win/cygnus-deneb-2-2-0-win/cygnus/tools/toolchain/gcc-arm/bin/../lib/gcc/arm-none-eabi/6.3.1/thumb/v7e-m/fpv4-sp/hard\libgcc.a(libunwind.o)
                0x0800d224                __restore_core_regs
                0x0800d224                restore_core_regs
                0x0800d23c                __gnu_Unwind_Restore_VFP
                0x0800d244                __gnu_Unwind_Save_VFP
                0x0800d24c                __gnu_Unwind_Restore_VFP_D
                0x0800d254                __gnu_Unwind_Save_VFP_D
                0x0800d25c                __gnu_Unwind_Restore_VFP_D_16_to_31
                0x0800d264                __gnu_Unwind_Save_VFP_D_16_to_31
                0x0800d26c                __gnu_Unwind_Restore_WMMXD
                0x0800d2b0                __gnu_Unwind_Save_WMMXD
                0x0800d2f4                __gnu_Unwind_Restore_WMMXC
                0x0800d308                __gnu_Unwind_Save_WMMXC
                0x0800d31c                ___Unwind_RaiseException
                0x0800d31c                _Unwind_RaiseException
                0x0800d340                _Unwind_Resume
                0x0800d340                ___Unwind_Resume
                0x0800d364                _Unwind_Resume_or_Rethrow
                0x0800d364                ___Unwind_Resume_or_Rethrow
                0x0800d388                _Unwind_ForcedUnwind
                0x0800d388                ___Unwind_ForcedUnwind
                0x0800d3ac                ___Unwind_Backtrace
                0x0800d3ac                _Unwind_Backtrace
 .text          0x0800d3d0      0x380 c:/users/daves/downloads/cygnus-deneb-2-2-0-win/cygnus-deneb-2-2-0-win/cygnus/tools/toolchain/gcc-arm/bin/../lib/gcc/arm-none-eabi/6.3.1/thumb/v7e-m/fpv4-sp/hard\libgcc.a(pr-support.o)
                0x0800d428                __gnu_unwind_execute
                0x0800d6f8                __gnu_unwind_frame
                0x0800d720                _Unwind_GetRegionStart
                0x0800d72c                _Unwind_GetLanguageSpecificData
                0x0800d740                _Unwind_GetTextRelBase
                0x0800d748                _Unwind_GetDataRelBase
 .text          0x0800d750        0x4 c:/users/daves/downloads/cygnus-deneb-2-2-0-win/cygnus-deneb-2-2-0-win/cygnus/tools/toolchain/gcc-arm/bin/../lib/gcc/arm-none-eabi/6.3.1/thumb/v7e-m/fpv4-sp/hard\libgcc.a(_dvmd_tls.o)
                0x0800d750                __aeabi_idiv0
                0x0800d750                __aeabi_ldiv0
 .text          0x0800d754       0x40 c:/users/daves/downloads/cygnus-deneb-2-2-0-win/cygnus-deneb-2-2-0-win/cygnus/tools/toolchain/gcc-arm/bin/../lib/gcc/arm-none-eabi/6.3.1/thumb/v7e-m/fpv4-sp/hard\libgcc.a(_arm_fixunsdfsi.o)
                0x0800d754                __aeabi_d2uiz
                0x0800d754                __fixunsdfsi
 *(.text*)
 .text.startup  0x0800d794     0x2428 C:\Users\daves\AppData\Local\Temp\ccpfkAZx.ltrans1.ltrans.o
                0x0800d794                main
 .text.startup  0x0800fbbc       0x10 C:\Users\daves\AppData\Local\Temp\ccpfkAZx.ltrans7.ltrans.o
 .text.Reset_Handler
                0x0800fbcc       0x68 ./libs\libpluto_0.3.a(startup_stm32f30x_md_gcc.o)
                0x0800fbcc                Reset_Handler
 .text.Default_Handler
                0x0800fc34        0x2 ./libs\libpluto_0.3.a(startup_stm32f30x_md_gcc.o)
                0x0800fc34                RTC_Alarm_IRQHandler
                0x0800fc34                TIM8_TRG_COM_IRQHandler
                0x0800fc34                DebugMon_Handler
                0x0800fc34                HardFault_Handler
                0x0800fc34                USB_HP_IRQHandler
                0x0800fc34                PVD_IRQHandler
                0x0800fc34                PendSV_Handler
                0x0800fc34                NMI_Handler
                0x0800fc34                EXTI0_IRQHandler
                0x0800fc34                I2C2_EV_IRQHandler
                0x0800fc34                FPU_IRQHandler
                0x0800fc34                EXTI2_TS_IRQHandler
                0x0800fc34                UsageFault_Handler
                0x0800fc34                ADC1_2_IRQHandler
                0x0800fc34                SPI1_IRQHandler
                0x0800fc34                TIM6_DAC_IRQHandler
                0x0800fc34                DMA2_Channel2_IRQHandler
                0x0800fc34                USART3_IRQHandler
                0x0800fc34                DMA1_Channel7_IRQHandler
                0x0800fc34                CAN1_RX1_IRQHandler
                0x0800fc34                UART5_IRQHandler
                0x0800fc34                ADC3_IRQHandler
                0x0800fc34                DMA2_Channel1_IRQHandler
                0x0800fc34                I2C1_EV_IRQHandler
                0x0800fc34                DMA1_Channel6_IRQHandler
                0x0800fc34                UART4_IRQHandler
                0x0800fc34                DMA2_Channel4_IRQHandler
                0x0800fc34                RCC_IRQHandler
                0x0800fc34                DMA1_Channel1_IRQHandler
                0x0800fc34                Default_Handler
                0x0800fc34                USBWakeUp_RMP_IRQHandler
                0x0800fc34                TIM7_IRQHandler
                0x0800fc34                EXTI9_5_IRQHandler
                0x0800fc34                TAMPER_STAMP_IRQHandler
                0x0800fc34                RTC_WKUP_IRQHandler
                0x0800fc34                SPI2_IRQHandler
                0x0800fc34                MemManage_Handler
                0x0800fc34                SVC_Handler
                0x0800fc34                DMA2_Channel5_IRQHandler
                0x0800fc34                DMA1_Channel5_IRQHandler
                0x0800fc34                USB_LP_IRQHandler
                0x0800fc34                EXTI4_IRQHandler
                0x0800fc34                USB_LP_CAN1_RX0_IRQHandler
                0x0800fc34                USB_HP_CAN1_TX_IRQHandler
                0x0800fc34                DMA1_Channel3_IRQHandler
                0x0800fc34                ADC4_IRQHandler
                0x0800fc34                WWDG_IRQHandler
                0x0800fc34                COMP7_IRQHandler
                0x0800fc34                COMP1_2_3_IRQHandler
                0x0800fc34                EXTI1_IRQHandler
                0x0800fc34                COMP4_5_6_IRQHandler
                0x0800fc34                I2C2_ER_IRQHandler
                0x0800fc34                DMA1_Channel2_IRQHandler
                0x0800fc34                TIM8_BRK_IRQHandler
                0x0800fc34                CAN1_SCE_IRQHandler
                0x0800fc34                FLASH_IRQHandler
                0x0800fc34                BusFault_Handler
                0x0800fc34                SPI3_IRQHandler
                0x0800fc34                I2C1_ER_IRQHandler
                0x0800fc34                USBWakeUp_IRQHandler
                0x0800fc34                DMA2_Channel3_IRQHandler
 *fill*         0x0800fc36        0x2 
 .text.cosf     0x0800fc38       0x90 c:/users/daves/downloads/cygnus-deneb-2-2-0-win/cygnus-deneb-2-2-0-win/cygnus/tools/toolchain/gcc-arm/bin/../lib/gcc/arm-none-eabi/6.3.1/../../../../arm-none-eabi/lib/thumb/v7e-m/fpv4-sp/hard\libm.a(lib_a-sf_cos.o)
                0x0800fc38                cosf
 .text.lrintf   0x0800fcc8       0x98 c:/users/daves/downloads/cygnus-deneb-2-2-0-win/cygnus-deneb-2-2-0-win/cygnus/tools/toolchain/gcc-arm/bin/../lib/gcc/arm-none-eabi/6.3.1/../../../../arm-none-eabi/lib/thumb/v7e-m/fpv4-sp/hard\libm.a(lib_a-sf_lrint.o)
                0x0800fcc8                lrintf
 .text.sinf     0x0800fd60       0x94 c:/users/daves/downloads/cygnus-deneb-2-2-0-win/cygnus-deneb-2-2-0-win/cygnus/tools/toolchain/gcc-arm/bin/../lib/gcc/arm-none-eabi/6.3.1/../../../../arm-none-eabi/lib/thumb/v7e-m/fpv4-sp/hard\libm.a(lib_a-sf_sin.o)
                0x0800fd60                sinf
 .text.acosf    0x0800fdf4       0xb8 c:/users/daves/downloads/cygnus-deneb-2-2-0-win/cygnus-deneb-2-2-0-win/cygnus/tools/toolchain/gcc-arm/bin/../lib/gcc/arm-none-eabi/6.3.1/../../../../arm-none-eabi/lib/thumb/v7e-m/fpv4-sp/hard\libm.a(lib_a-wf_acos.o)
                0x0800fdf4                acosf
 .text.asinf    0x0800feac       0xb8 c:/users/daves/downloads/cygnus-deneb-2-2-0-win/cygnus-deneb-2-2-0-win/cygnus/tools/toolchain/gcc-arm/bin/../lib/gcc/arm-none-eabi/6.3.1/../../../../arm-none-eabi/lib/thumb/v7e-m/fpv4-sp/hard\libm.a(lib_a-wf_asin.o)
                0x0800feac                asinf
 .text.atan2f   0x0800ff64        0x4 c:/users/daves/downloads/cygnus-deneb-2-2-0-win/cygnus-deneb-2-2-0-win/cygnus/tools/toolchain/gcc-arm/bin/../lib/gcc/arm-none-eabi/6.3.1/../../../../arm-none-eabi/lib/thumb/v7e-m/fpv4-sp/hard\libm.a(lib_a-wf_atan2.o)
                0x0800ff64                atan2f
 .text.logf     0x0800ff68       0xf8 c:/users/daves/downloads/cygnus-deneb-2-2-0-win/cygnus-deneb-2-2-0-win/cygnus/tools/toolchain/gcc-arm/bin/../lib/gcc/arm-none-eabi/6.3.1/../../../../arm-none-eabi/lib/thumb/v7e-m/fpv4-sp/hard\libm.a(lib_a-wf_log.o)
                0x0800ff68                logf
 .text.sqrtf    0x08010060       0xac c:/users/daves/downloads/cygnus-deneb-2-2-0-win/cygnus-deneb-2-2-0-win/cygnus/tools/toolchain/gcc-arm/bin/../lib/gcc/arm-none-eabi/6.3.1/../../../../arm-none-eabi/lib/thumb/v7e-m/fpv4-sp/hard\libm.a(lib_a-wf_sqrt.o)
                0x08010060                sqrtf
 .text.__ieee754_acosf
                0x0801010c      0x244 c:/users/daves/downloads/cygnus-deneb-2-2-0-win/cygnus-deneb-2-2-0-win/cygnus/tools/toolchain/gcc-arm/bin/../lib/gcc/arm-none-eabi/6.3.1/../../../../arm-none-eabi/lib/thumb/v7e-m/fpv4-sp/hard\libm.a(lib_a-ef_acos.o)
                0x0801010c                __ieee754_acosf
 .text.__ieee754_asinf
                0x08010350      0x1f8 c:/users/daves/downloads/cygnus-deneb-2-2-0-win/cygnus-deneb-2-2-0-win/cygnus/tools/toolchain/gcc-arm/bin/../lib/gcc/arm-none-eabi/6.3.1/../../../../arm-none-eabi/lib/thumb/v7e-m/fpv4-sp/hard\libm.a(lib_a-ef_asin.o)
                0x08010350                __ieee754_asinf
 .text.__ieee754_atan2f
                0x08010548      0x180 c:/users/daves/downloads/cygnus-deneb-2-2-0-win/cygnus-deneb-2-2-0-win/cygnus/tools/toolchain/gcc-arm/bin/../lib/gcc/arm-none-eabi/6.3.1/../../../../arm-none-eabi/lib/thumb/v7e-m/fpv4-sp/hard\libm.a(lib_a-ef_atan2.o)
                0x08010548                __ieee754_atan2f
 .text.__ieee754_logf
                0x080106c8      0x218 c:/users/daves/downloads/cygnus-deneb-2-2-0-win/cygnus-deneb-2-2-0-win/cygnus/tools/toolchain/gcc-arm/bin/../lib/gcc/arm-none-eabi/6.3.1/../../../../arm-none-eabi/lib/thumb/v7e-m/fpv4-sp/hard\libm.a(lib_a-ef_log.o)
                0x080106c8                __ieee754_logf
 .text.__ieee754_rem_pio2f
                0x080108e0      0x290 c:/users/daves/downloads/cygnus-deneb-2-2-0-win/cygnus-deneb-2-2-0-win/cygnus/tools/toolchain/gcc-arm/bin/../lib/gcc/arm-none-eabi/6.3.1/../../../../arm-none-eabi/lib/thumb/v7e-m/fpv4-sp/hard\libm.a(lib_a-ef_rem_pio2.o)
                0x080108e0                __ieee754_rem_pio2f
 .text.__ieee754_sqrtf
                0x08010b70        0x8 c:/users/daves/downloads/cygnus-deneb-2-2-0-win/cygnus-deneb-2-2-0-win/cygnus/tools/toolchain/gcc-arm/bin/../lib/gcc/arm-none-eabi/6.3.1/../../../../arm-none-eabi/lib/thumb/v7e-m/fpv4-sp/hard\libm.a(lib_a-ef_sqrt.o)
                0x08010b70                __ieee754_sqrtf
 .text.__kernel_cosf
                0x08010b78      0x104 c:/users/daves/downloads/cygnus-deneb-2-2-0-win/cygnus-deneb-2-2-0-win/cygnus/tools/toolchain/gcc-arm/bin/../lib/gcc/arm-none-eabi/6.3.1/../../../../arm-none-eabi/lib/thumb/v7e-m/fpv4-sp/hard\libm.a(lib_a-kf_cos.o)
                0x08010b78                __kernel_cosf
 .text.__kernel_rem_pio2f
                0x08010c7c      0x690 c:/users/daves/downloads/cygnus-deneb-2-2-0-win/cygnus-deneb-2-2-0-win/cygnus/tools/toolchain/gcc-arm/bin/../lib/gcc/arm-none-eabi/6.3.1/../../../../arm-none-eabi/lib/thumb/v7e-m/fpv4-sp/hard\libm.a(lib_a-kf_rem_pio2.o)
                0x08010c7c                __kernel_rem_pio2f
 .text.__kernel_sinf
                0x0801130c       0x90 c:/users/daves/downloads/cygnus-deneb-2-2-0-win/cygnus-deneb-2-2-0-win/cygnus/tools/toolchain/gcc-arm/bin/../lib/gcc/arm-none-eabi/6.3.1/../../../../arm-none-eabi/lib/thumb/v7e-m/fpv4-sp/hard\libm.a(lib_a-kf_sin.o)
                0x0801130c                __kernel_sinf
 .text.matherr  0x0801139c        0x4 c:/users/daves/downloads/cygnus-deneb-2-2-0-win/cygnus-deneb-2-2-0-win/cygnus/tools/toolchain/gcc-arm/bin/../lib/gcc/arm-none-eabi/6.3.1/../../../../arm-none-eabi/lib/thumb/v7e-m/fpv4-sp/hard\libm.a(lib_a-s_matherr.o)
                0x0801139c                matherr
 .text.nan      0x080113a0       0x10 c:/users/daves/downloads/cygnus-deneb-2-2-0-win/cygnus-deneb-2-2-0-win/cygnus/tools/toolchain/gcc-arm/bin/../lib/gcc/arm-none-eabi/6.3.1/../../../../arm-none-eabi/lib/thumb/v7e-m/fpv4-sp/hard\libm.a(lib_a-s_nan.o)
                0x080113a0                nan
 .text.atanf    0x080113b0      0x1b0 c:/users/daves/downloads/cygnus-deneb-2-2-0-win/cygnus-deneb-2-2-0-win/cygnus/tools/toolchain/gcc-arm/bin/../lib/gcc/arm-none-eabi/6.3.1/../../../../arm-none-eabi/lib/thumb/v7e-m/fpv4-sp/hard\libm.a(lib_a-sf_atan.o)
                0x080113b0                atanf
 .text.fabsf    0x08011560       0x10 c:/users/daves/downloads/cygnus-deneb-2-2-0-win/cygnus-deneb-2-2-0-win/cygnus/tools/toolchain/gcc-arm/bin/../lib/gcc/arm-none-eabi/6.3.1/../../../../arm-none-eabi/lib/thumb/v7e-m/fpv4-sp/hard\libm.a(lib_a-sf_fabs.o)
                0x08011560                fabsf
 .text.floorf   0x08011570       0x90 c:/users/daves/downloads/cygnus-deneb-2-2-0-win/cygnus-deneb-2-2-0-win/cygnus/tools/toolchain/gcc-arm/bin/../lib/gcc/arm-none-eabi/6.3.1/../../../../arm-none-eabi/lib/thumb/v7e-m/fpv4-sp/hard\libm.a(lib_a-sf_floor.o)
                0x08011570                floorf
 .text.scalbnf  0x08011600       0xd0 c:/users/daves/downloads/cygnus-deneb-2-2-0-win/cygnus-deneb-2-2-0-win/cygnus/tools/toolchain/gcc-arm/bin/../lib/gcc/arm-none-eabi/6.3.1/../../../../arm-none-eabi/lib/thumb/v7e-m/fpv4-sp/hard\libm.a(lib_a-sf_scalbn.o)
                0x08011600                scalbnf
 .text.copysignf
                0x080116d0       0x18 c:/users/daves/downloads/cygnus-deneb-2-2-0-win/cygnus-deneb-2-2-0-win/cygnus/tools/toolchain/gcc-arm/bin/../lib/gcc/arm-none-eabi/6.3.1/../../../../arm-none-eabi/lib/thumb/v7e-m/fpv4-sp/hard\libm.a(lib_a-sf_copysign.o)
                0x080116d0                copysignf
 .text.__errno  0x080116e8        0xc c:/users/daves/downloads/cygnus-deneb-2-2-0-win/cygnus-deneb-2-2-0-win/cygnus/tools/toolchain/gcc-arm/bin/../lib/gcc/arm-none-eabi/6.3.1/../../../../arm-none-eabi/lib/thumb/v7e-m/fpv4-sp/hard\libc.a(lib_a-errno.o)
                0x080116e8                __errno
 .text.memset   0x080116f4       0x9c c:/users/daves/downloads/cygnus-deneb-2-2-0-win/cygnus-deneb-2-2-0-win/cygnus/tools/toolchain/gcc-arm/bin/../lib/gcc/arm-none-eabi/6.3.1/../../../../arm-none-eabi/lib/thumb/v7e-m/fpv4-sp/hard\libc.a(lib_a-memset.o)
                0x080116f4                memset
 .text.strchr   0x08011790       0xe8 c:/users/daves/downloads/cygnus-deneb-2-2-0-win/cygnus-deneb-2-2-0-win/cygnus/tools/toolchain/gcc-arm/bin/../lib/gcc/arm-none-eabi/6.3.1/../../../../arm-none-eabi/lib/thumb/v7e-m/fpv4-sp/hard\libc.a(lib_a-strchr.o)
                0x08011790                strchr
 .text.abort    0x08011878       0x10 c:/users/daves/downloads/cygnus-deneb-2-2-0-win/cygnus-deneb-2-2-0-win/cygnus/tools/toolchain/gcc-arm/bin/../lib/gcc/arm-none-eabi/6.3.1/../../../../arm-none-eabi/lib/thumb/v7e-m/fpv4-sp/hard\libg.a(lib_a-abort.o)
                0x08011878                abort
 .text._raise_r
                0x08011888       0x60 c:/users/daves/downloads/cygnus-deneb-2-2-0-win/cygnus-deneb-2-2-0-win/cygnus/tools/toolchain/gcc-arm/bin/../lib/gcc/arm-none-eabi/6.3.1/../../../../arm-none-eabi/lib/thumb/v7e-m/fpv4-sp/hard\libg.a(lib_a-signal.o)
                0x08011888                _raise_r
 .text.raise    0x080118e8       0x10 c:/users/daves/downloads/cygnus-deneb-2-2-0-win/cygnus-deneb-2-2-0-win/cygnus/tools/toolchain/gcc-arm/bin/../lib/gcc/arm-none-eabi/6.3.1/../../../../arm-none-eabi/lib/thumb/v7e-m/fpv4-sp/hard\libg.a(lib_a-signal.o)
                0x080118e8                raise
 .text._kill_r  0x080118f8       0x28 c:/users/daves/downloads/cygnus-deneb-2-2-0-win/cygnus-deneb-2-2-0-win/cygnus/tools/toolchain/gcc-arm/bin/../lib/gcc/arm-none-eabi/6.3.1/../../../../arm-none-eabi/lib/thumb/v7e-m/fpv4-sp/hard\libg.a(lib_a-signalr.o)
                0x080118f8                _kill_r
 .text._getpid_r
                0x08011920        0x4 c:/users/daves/downloads/cygnus-deneb-2-2-0-win/cygnus-deneb-2-2-0-win/cygnus/tools/toolchain/gcc-arm/bin/../lib/gcc/arm-none-eabi/6.3.1/../../../../arm-none-eabi/lib/thumb/v7e-m/fpv4-sp/hard\libg.a(lib_a-signalr.o)
                0x08011920                _getpid_r
 .text._getpid  0x08011924       0x10 c:/users/daves/downloads/cygnus-deneb-2-2-0-win/cygnus-deneb-2-2-0-win/cygnus/tools/toolchain/gcc-arm/bin/../lib/gcc/arm-none-eabi/6.3.1/../../../../arm-none-eabi/lib/thumb/v7e-m/fpv4-sp/hard\libnosys.a(getpid.o)
                0x08011924                _getpid
 .text._kill    0x08011934       0x10 c:/users/daves/downloads/cygnus-deneb-2-2-0-win/cygnus-deneb-2-2-0-win/cygnus/tools/toolchain/gcc-arm/bin/../lib/gcc/arm-none-eabi/6.3.1/../../../../arm-none-eabi/lib/thumb/v7e-m/fpv4-sp/hard\libnosys.a(kill.o)
                0x08011934                _kill
 .text._exit    0x08011944        0x4 c:/users/daves/downloads/cygnus-deneb-2-2-0-win/cygnus-deneb-2-2-0-win/cygnus/tools/toolchain/gcc-arm/bin/../lib/gcc/arm-none-eabi/6.3.1/../../../../arm-none-eabi/lib/thumb/v7e-m/fpv4-sp/hard\libnosys.a(_exit.o)
                0x08011944                _exit
 *(.rodata)
 .rodata        0x08011948      0x10e C:\Users\daves\AppData\Local\Temp\ccpfkAZx.ltrans0.ltrans.o
 .rodata        0x08011a56       0x3c C:\Users\daves\AppData\Local\Temp\ccpfkAZx.ltrans3.ltrans.o
 .rodata        0x08011a92       0x30 C:\Users\daves\AppData\Local\Temp\ccpfkAZx.ltrans4.ltrans.o
 *fill*         0x08011ac2        0x2 
 .rodata        0x08011ac4       0x14 C:\Users\daves\AppData\Local\Temp\ccpfkAZx.ltrans5.ltrans.o
                0x08011ac4                refArrayQuadrants
                0x08011ad4                serialPortIdentifiers
 .rodata        0x08011ad8      0x120 C:\Users\daves\AppData\Local\Temp\ccpfkAZx.ltrans7.ltrans.o
                0x08011bf4                magneticDeclination
 .rodata        0x08011bf8      0x150 C:\Users\daves\AppData\Local\Temp\ccpfkAZx.ltrans8.ltrans.o
                0x08011bf8                _ZL5boxes.lto_priv.192
 .rodata        0x08011d48       0x20 C:\Users\daves\AppData\Local\Temp\ccpfkAZx.ltrans13.ltrans.o
                0x08011d64                SystemCoreClock
 .rodata        0x08011d68       0x15 C:\Users\daves\AppData\Local\Temp\ccpfkAZx.ltrans15.ltrans.o
 *(.rodata*)
 .rodata.str1.1
                0x08011d7d       0x23 C:\Users\daves\AppData\Local\Temp\ccpfkAZx.ltrans4.ltrans.o
 .rodata.str1.1
                0x08011da0       0xa1 C:\Users\daves\AppData\Local\Temp\ccpfkAZx.ltrans7.ltrans.o
                                 0xa8 (size before relaxing)
 .rodata.str1.1
                0x08011e41       0xe2 C:\Users\daves\AppData\Local\Temp\ccpfkAZx.ltrans8.ltrans.o
 .rodata.str1.1
                0x08011f23        0x9 C:\Users\daves\AppData\Local\Temp\ccpfkAZx.ltrans15.ltrans.o
 .rodata.TWO23  0x08011f2c        0x8 c:/users/daves/downloads/cygnus-deneb-2-2-0-win/cygnus-deneb-2-2-0-win/cygnus/tools/toolchain/gcc-arm/bin/../lib/gcc/arm-none-eabi/6.3.1/../../../../arm-none-eabi/lib/thumb/v7e-m/fpv4-sp/hard\libm.a(lib_a-sf_lrint.o)
 .rodata.acosf.str1.4
                0x08011f34        0x6 c:/users/daves/downloads/cygnus-deneb-2-2-0-win/cygnus-deneb-2-2-0-win/cygnus/tools/toolchain/gcc-arm/bin/../lib/gcc/arm-none-eabi/6.3.1/../../../../arm-none-eabi/lib/thumb/v7e-m/fpv4-sp/hard\libm.a(lib_a-wf_acos.o)
                                  0x9 (size before relaxing)
 *fill*         0x08011f3a        0x2 
 .rodata.asinf.str1.4
                0x08011f3c        0x6 c:/users/daves/downloads/cygnus-deneb-2-2-0-win/cygnus-deneb-2-2-0-win/cygnus/tools/toolchain/gcc-arm/bin/../lib/gcc/arm-none-eabi/6.3.1/../../../../arm-none-eabi/lib/thumb/v7e-m/fpv4-sp/hard\libm.a(lib_a-wf_asin.o)
                                  0x9 (size before relaxing)
 *fill*         0x08011f42        0x2 
 .rodata.logf.str1.4
                0x08011f44        0x5 c:/users/daves/downloads/cygnus-deneb-2-2-0-win/cygnus-deneb-2-2-0-win/cygnus/tools/toolchain/gcc-arm/bin/../lib/gcc/arm-none-eabi/6.3.1/../../../../arm-none-eabi/lib/thumb/v7e-m/fpv4-sp/hard\libm.a(lib_a-wf_log.o)
                                  0x9 (size before relaxing)
 *fill*         0x08011f49        0x3 
 .rodata.sqrtf.str1.4
                0x08011f4c        0x8 c:/users/daves/downloads/cygnus-deneb-2-2-0-win/cygnus-deneb-2-2-0-win/cygnus/tools/toolchain/gcc-arm/bin/../lib/gcc/arm-none-eabi/6.3.1/../../../../arm-none-eabi/lib/thumb/v7e-m/fpv4-sp/hard\libm.a(lib_a-wf_sqrt.o)
                                  0x6 (size before relaxing)
 .rodata.npio2_hw
                0x08011f54       0x80 c:/users/daves/downloads/cygnus-deneb-2-2-0-win/cygnus-deneb-2-2-0-win/cygnus/tools/toolchain/gcc-arm/bin/../lib/gcc/arm-none-eabi/6.3.1/../../../../arm-none-eabi/lib/thumb/v7e-m/fpv4-sp/hard\libm.a(lib_a-ef_rem_pio2.o)
 .rodata.two_over_pi
                0x08011fd4      0x318 c:/users/daves/downloads/cygnus-deneb-2-2-0-win/cygnus-deneb-2-2-0-win/cygnus/tools/toolchain/gcc-arm/bin/../lib/gcc/arm-none-eabi/6.3.1/../../../../arm-none-eabi/lib/thumb/v7e-m/fpv4-sp/hard\libm.a(lib_a-ef_rem_pio2.o)
 .rodata.PIo2   0x080122ec       0x2c c:/users/daves/downloads/cygnus-deneb-2-2-0-win/cygnus-deneb-2-2-0-win/cygnus/tools/toolchain/gcc-arm/bin/../lib/gcc/arm-none-eabi/6.3.1/../../../../arm-none-eabi/lib/thumb/v7e-m/fpv4-sp/hard\libm.a(lib_a-kf_rem_pio2.o)
 .rodata.init_jk
                0x08012318        0xc c:/users/daves/downloads/cygnus-deneb-2-2-0-win/cygnus-deneb-2-2-0-win/cygnus/tools/toolchain/gcc-arm/bin/../lib/gcc/arm-none-eabi/6.3.1/../../../../arm-none-eabi/lib/thumb/v7e-m/fpv4-sp/hard\libm.a(lib_a-kf_rem_pio2.o)
 .rodata.atanhi
                0x08012324       0x10 c:/users/daves/downloads/cygnus-deneb-2-2-0-win/cygnus-deneb-2-2-0-win/cygnus/tools/toolchain/gcc-arm/bin/../lib/gcc/arm-none-eabi/6.3.1/../../../../arm-none-eabi/lib/thumb/v7e-m/fpv4-sp/hard\libm.a(lib_a-sf_atan.o)
 .rodata.atanlo
                0x08012334       0x10 c:/users/daves/downloads/cygnus-deneb-2-2-0-win/cygnus-deneb-2-2-0-win/cygnus/tools/toolchain/gcc-arm/bin/../lib/gcc/arm-none-eabi/6.3.1/../../../../arm-none-eabi/lib/thumb/v7e-m/fpv4-sp/hard\libm.a(lib_a-sf_atan.o)
 *(.glue_7)
 .glue_7        0x08012344        0x0 linker stubs
 *(.glue_7t)
 .glue_7t       0x08012344        0x0 linker stubs
 *(.eh_frame)
 *(.init)
 *(.fini)
                0x08012344                . = ALIGN (0x4)
                0x08012344                _etext = .

.vfp11_veneer   0x08012344        0x0
 .vfp11_veneer  0x08012344        0x0 linker stubs

.v4_bx          0x08012344        0x0
 .v4_bx         0x08012344        0x0 linker stubs

.iplt           0x08012344        0x0
 .iplt          0x08012344        0x0 ./libs\libpluto_0.3.a(startup_stm32f30x_md_gcc.o)

.ARM.extab      0x08012344       0x90
 *(.ARM.extab* .gnu.linkonce.armextab.*)
 .ARM.extab.text.startup
                0x08012344        0xc C:\Users\daves\AppData\Local\Temp\ccpfkAZx.ltrans1.ltrans.o
 .ARM.extab     0x08012350        0xc C:\Users\daves\AppData\Local\Temp\ccpfkAZx.ltrans4.ltrans.o
 .ARM.extab     0x0801235c        0xc C:\Users\daves\AppData\Local\Temp\ccpfkAZx.ltrans7.ltrans.o
 .ARM.extab     0x08012368        0xc C:\Users\daves\AppData\Local\Temp\ccpfkAZx.ltrans8.ltrans.o
 .ARM.extab     0x08012374       0x18 C:\Users\daves\AppData\Local\Temp\ccpfkAZx.ltrans9.ltrans.o
 .ARM.extab     0x0801238c       0x24 C:\Users\daves\AppData\Local\Temp\ccpfkAZx.ltrans10.ltrans.o
 .ARM.extab     0x080123b0        0xc C:\Users\daves\AppData\Local\Temp\ccpfkAZx.ltrans12.ltrans.o
 .ARM.extab     0x080123bc       0x18 c:/users/daves/downloads/cygnus-deneb-2-2-0-win/cygnus-deneb-2-2-0-win/cygnus/tools/toolchain/gcc-arm/bin/../lib/gcc/arm-none-eabi/6.3.1/thumb/v7e-m/fpv4-sp/hard\libgcc.a(pr-support.o)

.ARM            0x080123d4      0x1e8
                0x080123d4                __exidx_start = .
 *(.ARM.exidx*)
 .ARM.exidx     0x080123d4        0x8 C:\Users\daves\AppData\Local\Temp\ccpfkAZx.ltrans0.ltrans.o
 .ARM.exidx.text.startup
                0x080125ac        0x8 C:\Users\daves\AppData\Local\Temp\ccpfkAZx.ltrans1.ltrans.o
 .ARM.exidx     0x080123dc        0x8 C:\Users\daves\AppData\Local\Temp\ccpfkAZx.ltrans3.ltrans.o
 .ARM.exidx     0x080123e4       0x20 C:\Users\daves\AppData\Local\Temp\ccpfkAZx.ltrans4.ltrans.o
 .ARM.exidx     0x08012404       0x10 C:\Users\daves\AppData\Local\Temp\ccpfkAZx.ltrans5.ltrans.o
                                 0x40 (size before relaxing)
 .ARM.exidx     0x08012414        0x0 C:\Users\daves\AppData\Local\Temp\ccpfkAZx.ltrans6.ltrans.o
                                  0x8 (size before relaxing)
 .ARM.exidx     0x08012414       0x28 C:\Users\daves\AppData\Local\Temp\ccpfkAZx.ltrans7.ltrans.o
                                 0x90 (size before relaxing)
 .ARM.exidx.text.startup
                0x080125b4        0x8 C:\Users\daves\AppData\Local\Temp\ccpfkAZx.ltrans7.ltrans.o
 .ARM.exidx     0x0801243c       0x10 C:\Users\daves\AppData\Local\Temp\ccpfkAZx.ltrans8.ltrans.o
                                 0x50 (size before relaxing)
 .ARM.exidx     0x0801244c       0x20 C:\Users\daves\AppData\Local\Temp\ccpfkAZx.ltrans9.ltrans.o
                                 0x40 (size before relaxing)
 .ARM.exidx     0x0801246c       0x30 C:\Users\daves\AppData\Local\Temp\ccpfkAZx.ltrans10.ltrans.o
                                 0x38 (size before relaxing)
 .ARM.exidx     0x0801249c        0x0 C:\Users\daves\AppData\Local\Temp\ccpfkAZx.ltrans11.ltrans.o
                                 0x38 (size before relaxing)
 .ARM.exidx     0x0801249c       0x10 C:\Users\daves\AppData\Local\Temp\ccpfkAZx.ltrans12.ltrans.o
                                 0x18 (size before relaxing)
 .ARM.exidx     0x080124ac       0x10 C:\Users\daves\AppData\Local\Temp\ccpfkAZx.ltrans13.ltrans.o
                                 0x20 (size before relaxing)
 .ARM.exidx     0x080124bc       0x28 C:\Users\daves\AppData\Local\Temp\ccpfkAZx.ltrans14.ltrans.o
                                 0x40 (size before relaxing)
 .ARM.exidx     0x080124e4       0x18 C:\Users\daves\AppData\Local\Temp\ccpfkAZx.ltrans15.ltrans.o
                                 0xa0 (size before relaxing)
 .ARM.exidx     0x080124fc        0x0 C:\Users\daves\AppData\Local\Temp\ccpfkAZx.ltrans17.ltrans.o
                                 0x70 (size before relaxing)
 .ARM.exidx     0x080124fc        0x0 C:\Users\daves\AppData\Local\Temp\ccpfkAZx.ltrans18.ltrans.o
                                 0x18 (size before relaxing)
 .ARM.exidx     0x080124fc        0x0 c:/users/daves/downloads/cygnus-deneb-2-2-0-win/cygnus-deneb-2-2-0-win/cygnus/tools/toolchain/gcc-arm/bin/../lib/gcc/arm-none-eabi/6.3.1/thumb/v7e-m/fpv4-sp/hard\libgcc.a(_udivmoddi4.o)
                                  0x8 (size before relaxing)
 .ARM.exidx     0x080124fc       0x78 c:/users/daves/downloads/cygnus-deneb-2-2-0-win/cygnus-deneb-2-2-0-win/cygnus/tools/toolchain/gcc-arm/bin/../lib/gcc/arm-none-eabi/6.3.1/thumb/v7e-m/fpv4-sp/hard\libgcc.a(unwind-arm.o)
                                 0xd8 (size before relaxing)
 .ARM.exidx     0x08012574       0x38 c:/users/daves/downloads/cygnus-deneb-2-2-0-win/cygnus-deneb-2-2-0-win/cygnus/tools/toolchain/gcc-arm/bin/../lib/gcc/arm-none-eabi/6.3.1/thumb/v7e-m/fpv4-sp/hard\libgcc.a(pr-support.o)
                                 0x48 (size before relaxing)
                0x080125bc                __exidx_end = .

.rel.dyn        0x080125bc        0x0
 .rel.iplt      0x080125bc        0x0 ./libs\libpluto_0.3.a(startup_stm32f30x_md_gcc.o)

.preinit_array  0x080125bc        0x0
                [!provide]                PROVIDE (__preinit_array_start, .)
 *(.preinit_array*)
                [!provide]                PROVIDE (__preinit_array_end, .)

.init_array     0x080125bc        0x4
                [!provide]                PROVIDE (__init_array_start, .)
 *(SORT(.init_array.*))
 *(.init_array*)
 .init_array    0x080125bc        0x4 C:\Users\daves\AppData\Local\Temp\ccpfkAZx.ltrans7.ltrans.o
                [!provide]                PROVIDE (__init_array_end, .)

.fini_array     0x080125c0        0x0
                [!provide]                PROVIDE (__fini_array_start, .)
 *(.fini_array*)
 *(SORT(.fini_array.*))
                [!provide]                PROVIDE (__fini_array_end, .)
                0x080125c0                _sidata = .

.data           0x20000000      0x4d0 load address 0x080125c0
                0x20000000                . = ALIGN (0x4)
                0x20000000                _sdata = .
 *(.data)
 .data          0x20000000        0xa C:\Users\daves\AppData\Local\Temp\ccpfkAZx.ltrans1.ltrans.o
 .data          0x2000000a        0x2 C:\Users\daves\AppData\Local\Temp\ccpfkAZx.ltrans3.ltrans.o
                0x2000000a                _ZL18rxIsInFailsafeMode.lto_priv.248
                0x2000000b                _ZL31rxIsInFailsafeModeNotDataDriven.lto_priv.250
 .data          0x2000000c        0x5 C:\Users\daves\AppData\Local\Temp\ccpfkAZx.ltrans5.ltrans.o
                0x2000000c                _ZL13rcReadRawFunc.lto_priv.225
                0x20000010                _ZL18isUsingSticksToArm.lto_priv.221
 *fill*         0x20000011        0x3 
 .data          0x20000014       0x2c C:\Users\daves\AppData\Local\Temp\ccpfkAZx.ltrans7.ltrans.o
                0x20000014                dcm_matrix
 .data          0x20000040        0x4 C:\Users\daves\AppData\Local\Temp\ccpfkAZx.ltrans8.ltrans.o
                0x20000040                command_status
                0x20000042                max_altitude
 .data          0x20000044        0x9 C:\Users\daves\AppData\Local\Temp\ccpfkAZx.ltrans9.ltrans.o
                0x2000004c                velocityControl
 *fill*         0x2000004d        0x3 
 .data          0x20000050        0x8 C:\Users\daves\AppData\Local\Temp\ccpfkAZx.ltrans10.ltrans.o
                0x20000050                headFreeModeHold
                0x20000054                pid_controller
 .data          0x20000058        0xc C:\Users\daves\AppData\Local\Temp\ccpfkAZx.ltrans11.ltrans.o
 .data          0x20000064       0x33 C:\Users\daves\AppData\Local\Temp\ccpfkAZx.ltrans12.ltrans.o
                0x20000096                _ZL22standardBoardAlignment.lto_priv.314
 *fill*         0x20000097        0x1 
 .data          0x20000098        0x2 C:\Users\daves\AppData\Local\Temp\ccpfkAZx.ltrans14.ltrans.o
                0x20000098                acc_1G
 .data          0x2000009a        0x6 C:\Users\daves\AppData\Local\Temp\ccpfkAZx.ltrans18.ltrans.o
                0x2000009a                setLandTimer
                0x2000009c                takeOffHeight
                0x2000009e                landThrottle
 *(.data*)
 .data.__fdlib_version
                0x200000a0        0x1 c:/users/daves/downloads/cygnus-deneb-2-2-0-win/cygnus-deneb-2-2-0-win/cygnus/tools/toolchain/gcc-arm/bin/../lib/gcc/arm-none-eabi/6.3.1/../../../../arm-none-eabi/lib/thumb/v7e-m/fpv4-sp/hard\libm.a(lib_a-s_lib_ver.o)
                0x200000a0                __fdlib_version
 *fill*         0x200000a1        0x3 
 .data._impure_ptr
                0x200000a4        0x4 c:/users/daves/downloads/cygnus-deneb-2-2-0-win/cygnus-deneb-2-2-0-win/cygnus/tools/toolchain/gcc-arm/bin/../lib/gcc/arm-none-eabi/6.3.1/../../../../arm-none-eabi/lib/thumb/v7e-m/fpv4-sp/hard\libc.a(lib_a-impure.o)
                0x200000a4                _impure_ptr
 .data.impure_data
                0x200000a8      0x428 c:/users/daves/downloads/cygnus-deneb-2-2-0-win/cygnus-deneb-2-2-0-win/cygnus/tools/toolchain/gcc-arm/bin/../lib/gcc/arm-none-eabi/6.3.1/../../../../arm-none-eabi/lib/thumb/v7e-m/fpv4-sp/hard\libc.a(lib_a-impure.o)
                0x200004d0                . = ALIGN (0x4)
                0x200004d0                _edata = .

.igot.plt       0x200004d0        0x0 load address 0x08012a90
 .igot.plt      0x200004d0        0x0 ./libs\libpluto_0.3.a(startup_stm32f30x_md_gcc.o)
                0x200004d0                . = ALIGN (0x4)

.bss            0x200004d0     0x1a4c load address 0x08012a90
                0x200004d0                _sbss = .
                0x200004d0                __bss_start__ = _sbss
 *(.bss)
 .bss           0x200004d0      0x140 C:\Users\daves\AppData\Local\Temp\ccpfkAZx.ltrans0.ltrans.o
 .bss           0x20000610      0x2ce C:\Users\daves\AppData\Local\Temp\ccpfkAZx.ltrans1.ltrans.o
                0x20000630                gyroAlign
                0x20000684                acc
                0x20000690                accAlign
                0x200006e8                smallAngle
                0x200006ec                previousTime
                0x20000700                _ZL12batteryState.lto_priv.281
                0x20000702                batteryWarningVoltage
                0x20000704                batteryCriticalVoltage
                0x2000071c                _ZL8mspPorts.lto_priv.303
                0x200007b6                _ZL13rxRefreshRate.lto_priv.283
                0x200007fc                _ZL12currentMixer.lto_priv.274
                0x200008bc                motorControlEnable
                0x200008dc                GPIO
                0x200008dd                batteryCellCount
 *fill*         0x200008de        0x2 
 .bss           0x200008e0      0x110 C:\Users\daves\AppData\Local\Temp\ccpfkAZx.ltrans3.ltrans.o
                0x200008e0                _ZL10rxUpdateAt.lto_priv.247
                0x20000908                _ZL16rxSignalReceived.lto_priv.231
                0x20000909                _ZL29rxSignalReceivedNotDataDriven.lto_priv.249
                0x2000090b                _ZL13rcSampleIndex.lto_priv.282
                0x20000988                _ZL8rxConfig.lto_priv.300
                0x2000098c                _ZL8disarmAt.lto_priv.227
                0x20000993                isThrottleStickArmed
                0x20000994                netAccMagnitude
                0x20000998                calibratingG
                0x2000099a                AccInflightCalibrationMeasurementDone
                0x2000099b                AccInflightCalibrationSavetoEEProm
                0x2000099e                InflightcalibratingA
                0x200009a0                AccInflightCalibrationActive
                0x200009a2                isHeadSet
                0x200009a4                rcInvalidPulsPeriod
                0x200009ec                calibratingB
                0x200009ee                isChukedArmed
                0x200009ef                isTookOff
 .bss           0x200009f0       0x98 C:\Users\daves\AppData\Local\Temp\ccpfkAZx.ltrans4.ltrans.o
                0x200009f0                _ZL14enabledSensors.lto_priv.217
                0x200009f4                _ZL16activeBoxIdCount.lto_priv.302
                0x200009f5                _ZL12activeBoxIds.lto_priv.301
                0x20000a12                accSmooth
                0x20000a18                gyroADC
                0x20000a1e                motor
                0x20000a36                inclination_generalised
                0x20000a3c                heading
                0x20000a40                _ZL6EstAlt.lto_priv.215
                0x20000a44                vario
                0x20000a48                mAhDrawn
                0x20000a4c                rssi
                0x20000a50                amperage
                0x20000a54                _ZL15serialPortCount.lto_priv.316
                0x20000a58                _ZL19serialPortUsageList.lto_priv.200
 .bss           0x20000a88      0x616 C:\Users\daves\AppData\Local\Temp\ccpfkAZx.ltrans5.ltrans.o
                0x20000a8c                rxRuntimeConfigPtr.lto_priv.268
                0x20000a90                rxRuntimeConfig
                0x20000a94                masterConfig
                0x20000fe4                spek_chan_shift.lto_priv.267
                0x20000fe5                spek_chan_mask.lto_priv.269
                0x20000fe6                spekHiRes.lto_priv.183
                0x20000fe8                _ZL17escAndServoConfig.lto_priv.218
                0x20000fec                _ZL10pidProfile.lto_priv.219
                0x20000ff0                _ZL19activeFeaturesLatch.lto_priv.185
                0x20000ff4                rcData
                0x20001018                _ZL5uart2.lto_priv.240
                0x2000101c                omega_I
                0x20001028                omega_P
                0x20001034                omega_yaw_P
                0x20001040                omega
                0x2000104c                anglerad
                0x20001058                currentTime
                0x20001060                compassLastUpdatedAt
                0x20001064                magADC
                0x2000106c                mag
                0x20001074                magAlign
                0x20001075                stateFlags
                0x2000107c                have_initial_yaw
                0x20001090                _ZL7magInit.lto_priv.304
                0x20001094                _ZL5uart3.lto_priv.241
                0x20001098                UART
                0x20001099                spi
 *fill*         0x2000109e        0x2 
 .bss           0x200010a0       0xb9 C:\Users\daves\AppData\Local\Temp\ccpfkAZx.ltrans7.ltrans.o
                0x200010a0                extiHandlerConfigs.lto_priv.317
                0x200010a8                _ZL13mspSerialPort.lto_priv.233
                0x200010ae                lookupThrottleRC
                0x200010c6                lookupPitchRollRC
                0x200010d4                _ZL10beeperIsOn.lto_priv.238
                0x200010d8                _ZL20beeperNextToggleTime.lto_priv.237
                0x200010dc                _ZL9beeperPos.lto_priv.239
                0x200010e0                _ZL18currentBeeperEntry.lto_priv.236
                0x200010fc                usTicks.lto_priv.318
                0x20001100                cycleTime
                0x20001102                motorCount
                0x20001126                accADC
                0x2000112c                ra_deltaT
                0x2000114c                ra_sum
                0x20001158                _ZL15warningLedState.lto_priv.235
 *fill*         0x20001159        0x7 
 .bss           0x20001160      0x289 C:\Users\daves\AppData\Local\Temp\ccpfkAZx.ltrans8.ltrans.o
                0x20001199                _ZL16xBusChannelCount.lto_priv.293
                0x2000119a                _ZL17xBusFrameReceived.lto_priv.253
                0x2000119c                spekChannelData.lto_priv.270
                0x200011cc                sumhChannels.lto_priv.256
                0x200011ec                sumdChannels.lto_priv.261
                0x2000120c                sbusChannelData.lto_priv.264
                0x2000127c                _ZL17xBusFramePosition.lto_priv.291
                0x2000127d                _ZL16xBusDataIncoming.lto_priv.290
                0x2000127e                _ZL15xBusFrameLength.lto_priv.292
                0x2000127f                _ZL12xBusProvider.lto_priv.294
                0x20001285                spekFrame.lto_priv.266
                0x20001295                rcFrameComplete.lto_priv.265
                0x2000129d                sumhFrame.lto_priv.255
                0x200012b2                sumhFrameDone.lto_priv.254
                0x200012b9                sumdFrameDone.lto_priv.257
                0x200012ba                crc.lto_priv.258
                0x200012bc                sumdChannelCount.lto_priv.259
                0x200012bd                sumd.lto_priv.260
                0x200012e9                sbusFrame.lto_priv.263
                0x20001302                sbusFrameDone.lto_priv.262
                0x20001304                batteryConfig
                0x20001308                adcConfig
                0x20001318                adcValues
                0x20001320                vbatLatestADC
                0x200013b0                vbat
                0x200013b4                _ZL20suspendRxSignalUntil.lto_priv.224
                0x200013b8                _ZL13skipRxSamples.lto_priv.223
                0x200013bc                _ZL11currentPort.lto_priv.196
                0x200013c0                armingFlags
                0x200013c2                magHold
                0x200013c4                rxMspFrameDone.lto_priv.252
                0x200013c6                motor_disarmed
                0x200013de                isLanding
                0x200013df                current_command
                0x200013e0                calibratingA
                0x200013e4                _ZL12serialConfig.lto_priv.201
                0x200013e8                _ZL17isRebootScheduled.lto_priv.234
 *fill*         0x200013e9        0x3 
 .bss           0x200013ec      0x104 C:\Users\daves\AppData\Local\Temp\ccpfkAZx.ltrans9.ltrans.o
                0x20001444                gyro
                0x20001468                _ZL19initialThrottleHold.lto_priv.230
                0x2000146c                errorVelocityI
                0x20001470                altHoldThrottleAdjustment
                0x20001478                baroGroundTemperature
                0x2000147c                baroGroundPressure
                0x200014e4                AltHold
                0x200014e8                setVelocity
 .bss           0x200014f0       0xc0 C:\Users\daves\AppData\Local\Temp\ccpfkAZx.ltrans10.ltrans.o
                0x20001510                rcCommand
                0x20001518                PIDweight
                0x2000151c                _ZL10PTermState.lto_priv.211
                0x20001528                _ZL10errorGyroI.lto_priv.209
                0x2000153a                axisPID
                0x20001540                _ZL11errorAngleI.lto_priv.210
                0x20001548                dynP8
                0x20001560                _ZL10DTermState.lto_priv.212
                0x2000156c                dynD8
                0x20001580                _ZL11errorGyroIf.lto_priv.213
                0x2000158c                _ZL12errorAngleIf.lto_priv.214
                0x2000159c                accZoffsetCalCycle
 .bss           0x200015b0      0x158 C:\Users\daves\AppData\Local\Temp\ccpfkAZx.ltrans11.ltrans.o
                0x200015b0                ppmDev
                0x200015f8                _ZL8captures.lto_priv.184
                0x20001610                _ZL13ppmFrameCount.lto_priv.251
                0x20001614                _ZL6motors.lto_priv.202
 .bss           0x20001708      0x110 C:\Users\daves\AppData\Local\Temp\ccpfkAZx.ltrans12.ltrans.o
                0x2000170c                new_position
                0x20001730                accSum
                0x2000173c                accSumXYZ
                0x20001748                accSumCountXYZ
                0x2000174c                accTimeSum
                0x20001798                accVelScale
                0x2000179c                k3
                0x200017a0                k2
                0x200017a4                k1
                0x200017c4                flipState
                0x200017c8                flipStartTime
                0x200017cc                rcModeActivationMask
                0x200017d0                VelocityZ
                0x200017d4                flipDirection
                0x200017d8                stateon
                0x200017dc                inclination
                0x200017e8                _ZL13boardRotation.lto_priv.315
                0x2000180c                posZ
                0x2000180e                posY
                0x20001810                posX
                0x20001814                accSumCount
 .bss           0x20001818      0x4a8 C:\Users\daves\AppData\Local\Temp\ccpfkAZx.ltrans13.ltrans.o
 .bss           0x20001cc0       0x20 C:\Users\daves\AppData\Local\Temp\ccpfkAZx.ltrans14.ltrans.o
                0x20001cc0                i2c1ErrorCount.lto_priv.194
                0x20001cc2                i2c2ErrorCount.lto_priv.195
                0x20001cc4                mpuConfiguration
                0x20001cd4                _ZL16mpuIntExtiConfig.lto_priv.311
                0x20001cdc                I2Cx.lto_priv.193
 .bss           0x20001ce0      0x230 C:\Users\daves\AppData\Local\Temp\ccpfkAZx.ltrans15.ltrans.o
                0x20001ce0                _ZL8ms5611_c.lto_priv.305
                0x20001cf0                currentControlRateProfile
                0x20001cf4                lookupYawRC
                0x20001d04                currentProfile
                0x20001d08                _ZL30currentControlRateProfileIndex.lto_priv.220
                0x20001d0c                _ZL8rxConfig.lto_priv.179
                0x20001d10                adjustmentStates
                0x20001d40                _ZL10gyroConfig.lto_priv.243
                0x20001d44                _ZL14failsafeConfig.lto_priv.222
                0x20001d48                _ZL13failsafeState.lto_priv.186
                0x20001d6c                crashTimer
                0x20001d78                _ZL17accelerationTrims.lto_priv.242
                0x20001d7c                _ZL14flight3DConfig.lto_priv.229
                0x20001d80                _ZL17escAndServoConfig.lto_priv.177
                0x20001d84                _ZL11mixerConfig.lto_priv.228
                0x20001d88                _ZL8rxConfig.lto_priv.178
                0x20001d9c                _ZL16imuRuntimeConfig.lto_priv.204
                0x20001da0                _ZL11accDeadband.lto_priv.205
                0x20001da4                throttleAngleScale
                0x20001da8                _ZL10pidProfile.lto_priv.170
                0x20001dac                _ZL16rcControlsConfig.lto_priv.174
                0x20001db0                _ZL17escAndServoConfig.lto_priv.176
                0x20001db4                _ZL8_updated.lto_priv.244
                0x20001db8                temperatureSum
                0x20001dbc                temperatureCount
                0x20001dc0                _ZL11pressureSum.lto_priv.245
                0x20001dc4                _ZL13pressureCount.lto_priv.246
                0x20001dc8                baroTemperature
                0x20001dcc                baroPressure
                0x20001dd0                baro
                0x20001de8                sysTickUptime.lto_priv.182
                0x20001dec                _ZL12_last_update.lto_priv.216
                0x20001df8                timerConfig
 .bss           0x20001f10        0x4 C:\Users\daves\AppData\Local\Temp\ccpfkAZx.ltrans17.ltrans.o
                0x20001f10                flightIndicatorFlag
                0x20001f12                flightModeFlags
 .bss           0x20001f14        0x3 C:\Users\daves\AppData\Local\Temp\ccpfkAZx.ltrans18.ltrans.o
                0x20001f14                isCalibrated
                0x20001f15                _ZL12isBatteryLow.lto_priv.232
                0x20001f16                isTakeOffHeightSet
 *(SORT(.bss*))
 *(COMMON)
 *fill*         0x20001f17        0x1 
 COMMON         0x20001f18        0x4 c:/users/daves/downloads/cygnus-deneb-2-2-0-win/cygnus-deneb-2-2-0-win/cygnus/tools/toolchain/gcc-arm/bin/../lib/gcc/arm-none-eabi/6.3.1/../../../../arm-none-eabi/lib/thumb/v7e-m/fpv4-sp/hard\libg.a(lib_a-reent.o)
                0x20001f18                errno
                0x20001f1c                . = ALIGN (0x4)
                0x20001f1c                _ebss = .
                0x20001f1c                __bss_end__ = _ebss

._user_heap_stack
                0x20001f1c      0x400 load address 0x08012a90
                0x20001f1c                . = ALIGN (0x4)
                0x20001f1c                PROVIDE (end, .)
                [!provide]                PROVIDE (_end, .)
                0x20001f1c                . = (. + _Min_Heap_Size)
                0x2000231c                . = (. + _Min_Stack_Size)
 *fill*         0x20001f1c      0x400 
                0x2000231c                . = ALIGN (0x4)

.memory_b1_text
 *(.mb1text)
 *(.mb1text*)
 *(.mb1rodata)
 *(.mb1rodata*)

/DISCARD/
 libc.a(*)
 libm.a(*)
 libgcc.a(*)

.ARM.attributes
                0x00000000       0x37
 *(.ARM.attributes)
 .ARM.attributes
                0x00000000       0x37 C:\Users\daves\AppData\Local\Temp\ccpfkAZx.ltrans0.ltrans.o
 .ARM.attributes
                0x00000037       0x37 C:\Users\daves\AppData\Local\Temp\ccpfkAZx.ltrans1.ltrans.o
 .ARM.attributes
                0x0000006e       0x37 C:\Users\daves\AppData\Local\Temp\ccpfkAZx.ltrans3.ltrans.o
 .ARM.attributes
                0x000000a5       0x37 C:\Users\daves\AppData\Local\Temp\ccpfkAZx.ltrans4.ltrans.o
 .ARM.attributes
                0x000000dc       0x37 C:\Users\daves\AppData\Local\Temp\ccpfkAZx.ltrans5.ltrans.o
 .ARM.attributes
                0x00000113       0x37 C:\Users\daves\AppData\Local\Temp\ccpfkAZx.ltrans6.ltrans.o
 .ARM.attributes
                0x0000014a       0x37 C:\Users\daves\AppData\Local\Temp\ccpfkAZx.ltrans7.ltrans.o
 .ARM.attributes
                0x00000181       0x37 C:\Users\daves\AppData\Local\Temp\ccpfkAZx.ltrans8.ltrans.o
 .ARM.attributes
                0x000001b8       0x37 C:\Users\daves\AppData\Local\Temp\ccpfkAZx.ltrans9.ltrans.o
 .ARM.attributes
                0x000001ef       0x37 C:\Users\daves\AppData\Local\Temp\ccpfkAZx.ltrans10.ltrans.o
 .ARM.attributes
                0x00000226       0x37 C:\Users\daves\AppData\Local\Temp\ccpfkAZx.ltrans11.ltrans.o
 .ARM.attributes
                0x0000025d       0x37 C:\Users\daves\AppData\Local\Temp\ccpfkAZx.ltrans12.ltrans.o
 .ARM.attributes
                0x00000294       0x37 C:\Users\daves\AppData\Local\Temp\ccpfkAZx.ltrans13.ltrans.o
 .ARM.attributes
                0x000002cb       0x37 C:\Users\daves\AppData\Local\Temp\ccpfkAZx.ltrans14.ltrans.o
 .ARM.attributes
                0x00000302       0x37 C:\Users\daves\AppData\Local\Temp\ccpfkAZx.ltrans15.ltrans.o
 .ARM.attributes
                0x00000339       0x37 C:\Users\daves\AppData\Local\Temp\ccpfkAZx.ltrans16.ltrans.o
 .ARM.attributes
                0x00000370       0x37 C:\Users\daves\AppData\Local\Temp\ccpfkAZx.ltrans17.ltrans.o
 .ARM.attributes
                0x000003a7       0x37 C:\Users\daves\AppData\Local\Temp\ccpfkAZx.ltrans18.ltrans.o
 .ARM.attributes
                0x000003de       0x37 C:\Users\daves\AppData\Local\Temp\ccpfkAZx.ltrans19.ltrans.o
 .ARM.attributes
                0x00000415       0x21 ./libs\libpluto_0.3.a(startup_stm32f30x_md_gcc.o)
 .ARM.attributes
                0x00000436       0x34 c:/users/daves/downloads/cygnus-deneb-2-2-0-win/cygnus-deneb-2-2-0-win/cygnus/tools/toolchain/gcc-arm/bin/../lib/gcc/arm-none-eabi/6.3.1/../../../../arm-none-eabi/lib/thumb/v7e-m/fpv4-sp/hard\libm.a(lib_a-sf_cos.o)
 .ARM.attributes
                0x0000046a       0x34 c:/users/daves/downloads/cygnus-deneb-2-2-0-win/cygnus-deneb-2-2-0-win/cygnus/tools/toolchain/gcc-arm/bin/../lib/gcc/arm-none-eabi/6.3.1/../../../../arm-none-eabi/lib/thumb/v7e-m/fpv4-sp/hard\libm.a(lib_a-sf_lrint.o)
 .ARM.attributes
                0x0000049e       0x34 c:/users/daves/downloads/cygnus-deneb-2-2-0-win/cygnus-deneb-2-2-0-win/cygnus/tools/toolchain/gcc-arm/bin/../lib/gcc/arm-none-eabi/6.3.1/../../../../arm-none-eabi/lib/thumb/v7e-m/fpv4-sp/hard\libm.a(lib_a-sf_sin.o)
 .ARM.attributes
                0x000004d2       0x34 c:/users/daves/downloads/cygnus-deneb-2-2-0-win/cygnus-deneb-2-2-0-win/cygnus/tools/toolchain/gcc-arm/bin/../lib/gcc/arm-none-eabi/6.3.1/../../../../arm-none-eabi/lib/thumb/v7e-m/fpv4-sp/hard\libm.a(lib_a-wf_acos.o)
 .ARM.attributes
                0x00000506       0x34 c:/users/daves/downloads/cygnus-deneb-2-2-0-win/cygnus-deneb-2-2-0-win/cygnus/tools/toolchain/gcc-arm/bin/../lib/gcc/arm-none-eabi/6.3.1/../../../../arm-none-eabi/lib/thumb/v7e-m/fpv4-sp/hard\libm.a(lib_a-wf_asin.o)
 .ARM.attributes
                0x0000053a       0x34 c:/users/daves/downloads/cygnus-deneb-2-2-0-win/cygnus-deneb-2-2-0-win/cygnus/tools/toolchain/gcc-arm/bin/../lib/gcc/arm-none-eabi/6.3.1/../../../../arm-none-eabi/lib/thumb/v7e-m/fpv4-sp/hard\libm.a(lib_a-wf_atan2.o)
 .ARM.attributes
                0x0000056e       0x34 c:/users/daves/downloads/cygnus-deneb-2-2-0-win/cygnus-deneb-2-2-0-win/cygnus/tools/toolchain/gcc-arm/bin/../lib/gcc/arm-none-eabi/6.3.1/../../../../arm-none-eabi/lib/thumb/v7e-m/fpv4-sp/hard\libm.a(lib_a-wf_log.o)
 .ARM.attributes
                0x000005a2       0x34 c:/users/daves/downloads/cygnus-deneb-2-2-0-win/cygnus-deneb-2-2-0-win/cygnus/tools/toolchain/gcc-arm/bin/../lib/gcc/arm-none-eabi/6.3.1/../../../../arm-none-eabi/lib/thumb/v7e-m/fpv4-sp/hard\libm.a(lib_a-wf_sqrt.o)
 .ARM.attributes
                0x000005d6       0x34 c:/users/daves/downloads/cygnus-deneb-2-2-0-win/cygnus-deneb-2-2-0-win/cygnus/tools/toolchain/gcc-arm/bin/../lib/gcc/arm-none-eabi/6.3.1/../../../../arm-none-eabi/lib/thumb/v7e-m/fpv4-sp/hard\libm.a(lib_a-ef_acos.o)
 .ARM.attributes
                0x0000060a       0x34 c:/users/daves/downloads/cygnus-deneb-2-2-0-win/cygnus-deneb-2-2-0-win/cygnus/tools/toolchain/gcc-arm/bin/../lib/gcc/arm-none-eabi/6.3.1/../../../../arm-none-eabi/lib/thumb/v7e-m/fpv4-sp/hard\libm.a(lib_a-ef_asin.o)
 .ARM.attributes
                0x0000063e       0x34 c:/users/daves/downloads/cygnus-deneb-2-2-0-win/cygnus-deneb-2-2-0-win/cygnus/tools/toolchain/gcc-arm/bin/../lib/gcc/arm-none-eabi/6.3.1/../../../../arm-none-eabi/lib/thumb/v7e-m/fpv4-sp/hard\libm.a(lib_a-ef_atan2.o)
 .ARM.attributes
                0x00000672       0x34 c:/users/daves/downloads/cygnus-deneb-2-2-0-win/cygnus-deneb-2-2-0-win/cygnus/tools/toolchain/gcc-arm/bin/../lib/gcc/arm-none-eabi/6.3.1/../../../../arm-none-eabi/lib/thumb/v7e-m/fpv4-sp/hard\libm.a(lib_a-ef_log.o)
 .ARM.attributes
                0x000006a6       0x34 c:/users/daves/downloads/cygnus-deneb-2-2-0-win/cygnus-deneb-2-2-0-win/cygnus/tools/toolchain/gcc-arm/bin/../lib/gcc/arm-none-eabi/6.3.1/../../../../arm-none-eabi/lib/thumb/v7e-m/fpv4-sp/hard\libm.a(lib_a-ef_rem_pio2.o)
 .ARM.attributes
                0x000006da       0x34 c:/users/daves/downloads/cygnus-deneb-2-2-0-win/cygnus-deneb-2-2-0-win/cygnus/tools/toolchain/gcc-arm/bin/../lib/gcc/arm-none-eabi/6.3.1/../../../../arm-none-eabi/lib/thumb/v7e-m/fpv4-sp/hard\libm.a(lib_a-ef_sqrt.o)
 .ARM.attributes
                0x0000070e       0x34 c:/users/daves/downloads/cygnus-deneb-2-2-0-win/cygnus-deneb-2-2-0-win/cygnus/tools/toolchain/gcc-arm/bin/../lib/gcc/arm-none-eabi/6.3.1/../../../../arm-none-eabi/lib/thumb/v7e-m/fpv4-sp/hard\libm.a(lib_a-kf_cos.o)
 .ARM.attributes
                0x00000742       0x34 c:/users/daves/downloads/cygnus-deneb-2-2-0-win/cygnus-deneb-2-2-0-win/cygnus/tools/toolchain/gcc-arm/bin/../lib/gcc/arm-none-eabi/6.3.1/../../../../arm-none-eabi/lib/thumb/v7e-m/fpv4-sp/hard\libm.a(lib_a-kf_rem_pio2.o)
 .ARM.attributes
                0x00000776       0x34 c:/users/daves/downloads/cygnus-deneb-2-2-0-win/cygnus-deneb-2-2-0-win/cygnus/tools/toolchain/gcc-arm/bin/../lib/gcc/arm-none-eabi/6.3.1/../../../../arm-none-eabi/lib/thumb/v7e-m/fpv4-sp/hard\libm.a(lib_a-kf_sin.o)
 .ARM.attributes
                0x000007aa       0x34 c:/users/daves/downloads/cygnus-deneb-2-2-0-win/cygnus-deneb-2-2-0-win/cygnus/tools/toolchain/gcc-arm/bin/../lib/gcc/arm-none-eabi/6.3.1/../../../../arm-none-eabi/lib/thumb/v7e-m/fpv4-sp/hard\libm.a(lib_a-s_lib_ver.o)
 .ARM.attributes
                0x000007de       0x34 c:/users/daves/downloads/cygnus-deneb-2-2-0-win/cygnus-deneb-2-2-0-win/cygnus/tools/toolchain/gcc-arm/bin/../lib/gcc/arm-none-eabi/6.3.1/../../../../arm-none-eabi/lib/thumb/v7e-m/fpv4-sp/hard\libm.a(lib_a-s_matherr.o)
 .ARM.attributes
                0x00000812       0x34 c:/users/daves/downloads/cygnus-deneb-2-2-0-win/cygnus-deneb-2-2-0-win/cygnus/tools/toolchain/gcc-arm/bin/../lib/gcc/arm-none-eabi/6.3.1/../../../../arm-none-eabi/lib/thumb/v7e-m/fpv4-sp/hard\libm.a(lib_a-s_nan.o)
 .ARM.attributes
                0x00000846       0x34 c:/users/daves/downloads/cygnus-deneb-2-2-0-win/cygnus-deneb-2-2-0-win/cygnus/tools/toolchain/gcc-arm/bin/../lib/gcc/arm-none-eabi/6.3.1/../../../../arm-none-eabi/lib/thumb/v7e-m/fpv4-sp/hard\libm.a(lib_a-sf_atan.o)
 .ARM.attributes
                0x0000087a       0x34 c:/users/daves/downloads/cygnus-deneb-2-2-0-win/cygnus-deneb-2-2-0-win/cygnus/tools/toolchain/gcc-arm/bin/../lib/gcc/arm-none-eabi/6.3.1/../../../../arm-none-eabi/lib/thumb/v7e-m/fpv4-sp/hard\libm.a(lib_a-sf_fabs.o)
 .ARM.attributes
                0x000008ae       0x34 c:/users/daves/downloads/cygnus-deneb-2-2-0-win/cygnus-deneb-2-2-0-win/cygnus/tools/toolchain/gcc-arm/bin/../lib/gcc/arm-none-eabi/6.3.1/../../../../arm-none-eabi/lib/thumb/v7e-m/fpv4-sp/hard\libm.a(lib_a-sf_floor.o)
 .ARM.attributes
                0x000008e2       0x34 c:/users/daves/downloads/cygnus-deneb-2-2-0-win/cygnus-deneb-2-2-0-win/cygnus/tools/toolchain/gcc-arm/bin/../lib/gcc/arm-none-eabi/6.3.1/../../../../arm-none-eabi/lib/thumb/v7e-m/fpv4-sp/hard\libm.a(lib_a-sf_scalbn.o)
 .ARM.attributes
                0x00000916       0x34 c:/users/daves/downloads/cygnus-deneb-2-2-0-win/cygnus-deneb-2-2-0-win/cygnus/tools/toolchain/gcc-arm/bin/../lib/gcc/arm-none-eabi/6.3.1/../../../../arm-none-eabi/lib/thumb/v7e-m/fpv4-sp/hard\libm.a(lib_a-sf_copysign.o)
 .ARM.attributes
                0x0000094a       0x34 c:/users/daves/downloads/cygnus-deneb-2-2-0-win/cygnus-deneb-2-2-0-win/cygnus/tools/toolchain/gcc-arm/bin/../lib/gcc/arm-none-eabi/6.3.1/../../../../arm-none-eabi/lib/thumb/v7e-m/fpv4-sp/hard\libc.a(lib_a-errno.o)
 .ARM.attributes
                0x0000097e       0x34 c:/users/daves/downloads/cygnus-deneb-2-2-0-win/cygnus-deneb-2-2-0-win/cygnus/tools/toolchain/gcc-arm/bin/../lib/gcc/arm-none-eabi/6.3.1/../../../../arm-none-eabi/lib/thumb/v7e-m/fpv4-sp/hard\libc.a(lib_a-impure.o)
 .ARM.attributes
                0x000009b2       0x20 c:/users/daves/downloads/cygnus-deneb-2-2-0-win/cygnus-deneb-2-2-0-win/cygnus/tools/toolchain/gcc-arm/bin/../lib/gcc/arm-none-eabi/6.3.1/../../../../arm-none-eabi/lib/thumb/v7e-m/fpv4-sp/hard\libc.a(lib_a-memcpy.o)
 .ARM.attributes
                0x000009d2       0x34 c:/users/daves/downloads/cygnus-deneb-2-2-0-win/cygnus-deneb-2-2-0-win/cygnus/tools/toolchain/gcc-arm/bin/../lib/gcc/arm-none-eabi/6.3.1/../../../../arm-none-eabi/lib/thumb/v7e-m/fpv4-sp/hard\libc.a(lib_a-memset.o)
 .ARM.attributes
                0x00000a06       0x34 c:/users/daves/downloads/cygnus-deneb-2-2-0-win/cygnus-deneb-2-2-0-win/cygnus/tools/toolchain/gcc-arm/bin/../lib/gcc/arm-none-eabi/6.3.1/../../../../arm-none-eabi/lib/thumb/v7e-m/fpv4-sp/hard\libc.a(lib_a-strchr.o)
 .ARM.attributes
                0x00000a3a       0x20 c:/users/daves/downloads/cygnus-deneb-2-2-0-win/cygnus-deneb-2-2-0-win/cygnus/tools/toolchain/gcc-arm/bin/../lib/gcc/arm-none-eabi/6.3.1/../../../../arm-none-eabi/lib/thumb/v7e-m/fpv4-sp/hard\libc.a(lib_a-strlen.o)
 .ARM.attributes
                0x00000a5a       0x22 c:/users/daves/downloads/cygnus-deneb-2-2-0-win/cygnus-deneb-2-2-0-win/cygnus/tools/toolchain/gcc-arm/bin/../lib/gcc/arm-none-eabi/6.3.1/thumb/v7e-m/fpv4-sp/hard\libgcc.a(_ashrdi3.o)
 .ARM.attributes
                0x00000a7c       0x22 c:/users/daves/downloads/cygnus-deneb-2-2-0-win/cygnus-deneb-2-2-0-win/cygnus/tools/toolchain/gcc-arm/bin/../lib/gcc/arm-none-eabi/6.3.1/thumb/v7e-m/fpv4-sp/hard\libgcc.a(_arm_addsubdf3.o)
 .ARM.attributes
                0x00000a9e       0x22 c:/users/daves/downloads/cygnus-deneb-2-2-0-win/cygnus-deneb-2-2-0-win/cygnus/tools/toolchain/gcc-arm/bin/../lib/gcc/arm-none-eabi/6.3.1/thumb/v7e-m/fpv4-sp/hard\libgcc.a(_arm_muldivdf3.o)
 .ARM.attributes
                0x00000ac0       0x22 c:/users/daves/downloads/cygnus-deneb-2-2-0-win/cygnus-deneb-2-2-0-win/cygnus/tools/toolchain/gcc-arm/bin/../lib/gcc/arm-none-eabi/6.3.1/thumb/v7e-m/fpv4-sp/hard\libgcc.a(_arm_truncdfsf2.o)
 .ARM.attributes
                0x00000ae2       0x22 c:/users/daves/downloads/cygnus-deneb-2-2-0-win/cygnus-deneb-2-2-0-win/cygnus/tools/toolchain/gcc-arm/bin/../lib/gcc/arm-none-eabi/6.3.1/thumb/v7e-m/fpv4-sp/hard\libgcc.a(_aeabi_ldivmod.o)
 .ARM.attributes
                0x00000b04       0x34 c:/users/daves/downloads/cygnus-deneb-2-2-0-win/cygnus-deneb-2-2-0-win/cygnus/tools/toolchain/gcc-arm/bin/../lib/gcc/arm-none-eabi/6.3.1/thumb/v7e-m/fpv4-sp/hard\libgcc.a(_fixsfdi.o)
 .ARM.attributes
                0x00000b38       0x34 c:/users/daves/downloads/cygnus-deneb-2-2-0-win/cygnus-deneb-2-2-0-win/cygnus/tools/toolchain/gcc-arm/bin/../lib/gcc/arm-none-eabi/6.3.1/thumb/v7e-m/fpv4-sp/hard\libgcc.a(_fixunssfdi.o)
 .ARM.attributes
                0x00000b6c       0x34 c:/users/daves/downloads/cygnus-deneb-2-2-0-win/cygnus-deneb-2-2-0-win/cygnus/tools/toolchain/gcc-arm/bin/../lib/gcc/arm-none-eabi/6.3.1/thumb/v7e-m/fpv4-sp/hard\libgcc.a(_udivmoddi4.o)
 .ARM.attributes
                0x00000ba0       0x22 c:/users/daves/downloads/cygnus-deneb-2-2-0-win/cygnus-deneb-2-2-0-win/cygnus/tools/toolchain/gcc-arm/bin/../lib/gcc/arm-none-eabi/6.3.1/thumb/v7e-m/fpv4-sp/hard\libgcc.a(_dvmd_tls.o)
 .ARM.attributes
                0x00000bc2       0x22 c:/users/daves/downloads/cygnus-deneb-2-2-0-win/cygnus-deneb-2-2-0-win/cygnus/tools/toolchain/gcc-arm/bin/../lib/gcc/arm-none-eabi/6.3.1/thumb/v7e-m/fpv4-sp/hard\libgcc.a(_arm_fixunsdfsi.o)
OUTPUT(obj/Experience_PLUTOX.elf elf32-littlearm)

.debug_info     0x00000000    0x28f8e
 .debug_info    0x00000000     0x7101 C:\Users\daves\AppData\Local\Temp\ccpfkAZx.ltrans0.ltrans.o
 .debug_info    0x00007101     0x4078 C:\Users\daves\AppData\Local\Temp\ccpfkAZx.ltrans1.ltrans.o
 .debug_info    0x0000b179     0x1efd C:\Users\daves\AppData\Local\Temp\ccpfkAZx.ltrans3.ltrans.o
 .debug_info    0x0000d076     0x141b C:\Users\daves\AppData\Local\Temp\ccpfkAZx.ltrans4.ltrans.o
 .debug_info    0x0000e491     0x43b3 C:\Users\daves\AppData\Local\Temp\ccpfkAZx.ltrans5.ltrans.o
 .debug_info    0x00012844     0x2e18 C:\Users\daves\AppData\Local\Temp\ccpfkAZx.ltrans6.ltrans.o
 .debug_info    0x0001565c     0x20c4 C:\Users\daves\AppData\Local\Temp\ccpfkAZx.ltrans7.ltrans.o
 .debug_info    0x00017720     0x21c2 C:\Users\daves\AppData\Local\Temp\ccpfkAZx.ltrans8.ltrans.o
 .debug_info    0x000198e2     0x1499 C:\Users\daves\AppData\Local\Temp\ccpfkAZx.ltrans9.ltrans.o
 .debug_info    0x0001ad7b     0x1456 C:\Users\daves\AppData\Local\Temp\ccpfkAZx.ltrans10.ltrans.o
 .debug_info    0x0001c1d1     0x27c4 C:\Users\daves\AppData\Local\Temp\ccpfkAZx.ltrans11.ltrans.o
 .debug_info    0x0001e995      0xbba C:\Users\daves\AppData\Local\Temp\ccpfkAZx.ltrans12.ltrans.o
 .debug_info    0x0001f54f     0x206e C:\Users\daves\AppData\Local\Temp\ccpfkAZx.ltrans13.ltrans.o
 .debug_info    0x000215bd     0x1c0c C:\Users\daves\AppData\Local\Temp\ccpfkAZx.ltrans14.ltrans.o
 .debug_info    0x000231c9     0x293d C:\Users\daves\AppData\Local\Temp\ccpfkAZx.ltrans15.ltrans.o
 .debug_info    0x00025b06     0x1dcb C:\Users\daves\AppData\Local\Temp\ccpfkAZx.ltrans16.ltrans.o
 .debug_info    0x000278d1     0x137c C:\Users\daves\AppData\Local\Temp\ccpfkAZx.ltrans17.ltrans.o
 .debug_info    0x00028c4d      0x2aa C:\Users\daves\AppData\Local\Temp\ccpfkAZx.ltrans18.ltrans.o
 .debug_info    0x00028ef7       0x97 C:\Users\daves\AppData\Local\Temp\ccpfkAZx.ltrans19.ltrans.o

.debug_abbrev   0x00000000     0x4c29
 .debug_abbrev  0x00000000      0x4f4 C:\Users\daves\AppData\Local\Temp\ccpfkAZx.ltrans0.ltrans.o
 .debug_abbrev  0x000004f4      0x57a C:\Users\daves\AppData\Local\Temp\ccpfkAZx.ltrans1.ltrans.o
 .debug_abbrev  0x00000a6e      0x35f C:\Users\daves\AppData\Local\Temp\ccpfkAZx.ltrans3.ltrans.o
 .debug_abbrev  0x00000dcd      0x388 C:\Users\daves\AppData\Local\Temp\ccpfkAZx.ltrans4.ltrans.o
 .debug_abbrev  0x00001155      0x5ab C:\Users\daves\AppData\Local\Temp\ccpfkAZx.ltrans5.ltrans.o
 .debug_abbrev  0x00001700      0x3f8 C:\Users\daves\AppData\Local\Temp\ccpfkAZx.ltrans6.ltrans.o
 .debug_abbrev  0x00001af8      0x5b3 C:\Users\daves\AppData\Local\Temp\ccpfkAZx.ltrans7.ltrans.o
 .debug_abbrev  0x000020ab      0x55b C:\Users\daves\AppData\Local\Temp\ccpfkAZx.ltrans8.ltrans.o
 .debug_abbrev  0x00002606      0x3f8 C:\Users\daves\AppData\Local\Temp\ccpfkAZx.ltrans9.ltrans.o
 .debug_abbrev  0x000029fe      0x351 C:\Users\daves\AppData\Local\Temp\ccpfkAZx.ltrans10.ltrans.o
 .debug_abbrev  0x00002d4f      0x406 C:\Users\daves\AppData\Local\Temp\ccpfkAZx.ltrans11.ltrans.o
 .debug_abbrev  0x00003155      0x343 C:\Users\daves\AppData\Local\Temp\ccpfkAZx.ltrans12.ltrans.o
 .debug_abbrev  0x00003498      0x4b8 C:\Users\daves\AppData\Local\Temp\ccpfkAZx.ltrans13.ltrans.o
 .debug_abbrev  0x00003950      0x3cf C:\Users\daves\AppData\Local\Temp\ccpfkAZx.ltrans14.ltrans.o
 .debug_abbrev  0x00003d1f      0x558 C:\Users\daves\AppData\Local\Temp\ccpfkAZx.ltrans15.ltrans.o
 .debug_abbrev  0x00004277      0x368 C:\Users\daves\AppData\Local\Temp\ccpfkAZx.ltrans16.ltrans.o
 .debug_abbrev  0x000045df      0x47b C:\Users\daves\AppData\Local\Temp\ccpfkAZx.ltrans17.ltrans.o
 .debug_abbrev  0x00004a5a      0x15c C:\Users\daves\AppData\Local\Temp\ccpfkAZx.ltrans18.ltrans.o
 .debug_abbrev  0x00004bb6       0x73 C:\Users\daves\AppData\Local\Temp\ccpfkAZx.ltrans19.ltrans.o

.debug_loc      0x00000000    0x142ad
 .debug_loc     0x00000000     0x237d C:\Users\daves\AppData\Local\Temp\ccpfkAZx.ltrans0.ltrans.o
 .debug_loc     0x0000237d     0x20f0 C:\Users\daves\AppData\Local\Temp\ccpfkAZx.ltrans1.ltrans.o
 .debug_loc     0x0000446d     0x11c2 C:\Users\daves\AppData\Local\Temp\ccpfkAZx.ltrans3.ltrans.o
 .debug_loc     0x0000562f      0xcb1 C:\Users\daves\AppData\Local\Temp\ccpfkAZx.ltrans4.ltrans.o
 .debug_loc     0x000062e0     0x172b C:\Users\daves\AppData\Local\Temp\ccpfkAZx.ltrans5.ltrans.o
 .debug_loc     0x00007a0b     0x2d3e C:\Users\daves\AppData\Local\Temp\ccpfkAZx.ltrans6.ltrans.o
 .debug_loc     0x0000a749      0xe86 C:\Users\daves\AppData\Local\Temp\ccpfkAZx.ltrans7.ltrans.o
 .debug_loc     0x0000b5cf      0xc05 C:\Users\daves\AppData\Local\Temp\ccpfkAZx.ltrans8.ltrans.o
 .debug_loc     0x0000c1d4      0xfc9 C:\Users\daves\AppData\Local\Temp\ccpfkAZx.ltrans9.ltrans.o
 .debug_loc     0x0000d19d     0x1414 C:\Users\daves\AppData\Local\Temp\ccpfkAZx.ltrans10.ltrans.o
 .debug_loc     0x0000e5b1     0x1281 C:\Users\daves\AppData\Local\Temp\ccpfkAZx.ltrans11.ltrans.o
 .debug_loc     0x0000f832      0x54c C:\Users\daves\AppData\Local\Temp\ccpfkAZx.ltrans12.ltrans.o
 .debug_loc     0x0000fd7e      0xfc4 C:\Users\daves\AppData\Local\Temp\ccpfkAZx.ltrans13.ltrans.o
 .debug_loc     0x00010d42      0xd65 C:\Users\daves\AppData\Local\Temp\ccpfkAZx.ltrans14.ltrans.o
 .debug_loc     0x00011aa7      0x68f C:\Users\daves\AppData\Local\Temp\ccpfkAZx.ltrans15.ltrans.o
 .debug_loc     0x00012136     0x1803 C:\Users\daves\AppData\Local\Temp\ccpfkAZx.ltrans16.ltrans.o
 .debug_loc     0x00013939      0x974 C:\Users\daves\AppData\Local\Temp\ccpfkAZx.ltrans17.ltrans.o

.debug_aranges  0x00000000      0x270
 .debug_aranges
                0x00000000       0x20 C:\Users\daves\AppData\Local\Temp\ccpfkAZx.ltrans0.ltrans.o
 .debug_aranges
                0x00000020       0x20 C:\Users\daves\AppData\Local\Temp\ccpfkAZx.ltrans1.ltrans.o
 .debug_aranges
                0x00000040       0x20 C:\Users\daves\AppData\Local\Temp\ccpfkAZx.ltrans3.ltrans.o
 .debug_aranges
                0x00000060       0x20 C:\Users\daves\AppData\Local\Temp\ccpfkAZx.ltrans4.ltrans.o
 .debug_aranges
                0x00000080       0x28 C:\Users\daves\AppData\Local\Temp\ccpfkAZx.ltrans5.ltrans.o
 .debug_aranges
                0x000000a8       0x20 C:\Users\daves\AppData\Local\Temp\ccpfkAZx.ltrans6.ltrans.o
 .debug_aranges
                0x000000c8       0x28 C:\Users\daves\AppData\Local\Temp\ccpfkAZx.ltrans7.ltrans.o
 .debug_aranges
                0x000000f0       0x20 C:\Users\daves\AppData\Local\Temp\ccpfkAZx.ltrans8.ltrans.o
 .debug_aranges
                0x00000110       0x20 C:\Users\daves\AppData\Local\Temp\ccpfkAZx.ltrans9.ltrans.o
 .debug_aranges
                0x00000130       0x20 C:\Users\daves\AppData\Local\Temp\ccpfkAZx.ltrans10.ltrans.o
 .debug_aranges
                0x00000150       0x20 C:\Users\daves\AppData\Local\Temp\ccpfkAZx.ltrans11.ltrans.o
 .debug_aranges
                0x00000170       0x20 C:\Users\daves\AppData\Local\Temp\ccpfkAZx.ltrans12.ltrans.o
 .debug_aranges
                0x00000190       0x20 C:\Users\daves\AppData\Local\Temp\ccpfkAZx.ltrans13.ltrans.o
 .debug_aranges
                0x000001b0       0x20 C:\Users\daves\AppData\Local\Temp\ccpfkAZx.ltrans14.ltrans.o
 .debug_aranges
                0x000001d0       0x20 C:\Users\daves\AppData\Local\Temp\ccpfkAZx.ltrans15.ltrans.o
 .debug_aranges
                0x000001f0       0x20 C:\Users\daves\AppData\Local\Temp\ccpfkAZx.ltrans16.ltrans.o
 .debug_aranges
                0x00000210       0x20 C:\Users\daves\AppData\Local\Temp\ccpfkAZx.ltrans17.ltrans.o
 .debug_aranges
                0x00000230       0x20 C:\Users\daves\AppData\Local\Temp\ccpfkAZx.ltrans18.ltrans.o
 .debug_aranges
                0x00000250       0x20 C:\Users\daves\AppData\Local\Temp\ccpfkAZx.ltrans19.ltrans.o

.debug_ranges   0x00000000     0x37a8
 .debug_ranges  0x00000000      0xbd8 C:\Users\daves\AppData\Local\Temp\ccpfkAZx.ltrans0.ltrans.o
 .debug_ranges  0x00000bd8      0xa78 C:\Users\daves\AppData\Local\Temp\ccpfkAZx.ltrans1.ltrans.o
 .debug_ranges  0x00001650      0x740 C:\Users\daves\AppData\Local\Temp\ccpfkAZx.ltrans3.ltrans.o
 .debug_ranges  0x00001d90      0x150 C:\Users\daves\AppData\Local\Temp\ccpfkAZx.ltrans4.ltrans.o
 .debug_ranges  0x00001ee0      0x200 C:\Users\daves\AppData\Local\Temp\ccpfkAZx.ltrans5.ltrans.o